Archive member included to satisfy reference by file (symbol)

d:/st/stm32cubeide_1.4.0/stm32cubeide/plugins/com.st.stm32cube.ide.mcu.externaltools.gnu-tools-for-stm32.7-2018-q2-update.win32_1.4.0.202007081208/tools/bin/../lib/gcc/arm-none-eabi/7.3.1/../../../../arm-none-eabi/lib/thumb/v7-m\libc_nano.a(lib_a-errno.o)
                              Core/Src/syscalls.o (__errno)
d:/st/stm32cubeide_1.4.0/stm32cubeide/plugins/com.st.stm32cube.ide.mcu.externaltools.gnu-tools-for-stm32.7-2018-q2-update.win32_1.4.0.202007081208/tools/bin/../lib/gcc/arm-none-eabi/7.3.1/../../../../arm-none-eabi/lib/thumb/v7-m\libc_nano.a(lib_a-exit.o)
                              d:/st/stm32cubeide_1.4.0/stm32cubeide/plugins/com.st.stm32cube.ide.mcu.externaltools.gnu-tools-for-stm32.7-2018-q2-update.win32_1.4.0.202007081208/tools/bin/../lib/gcc/arm-none-eabi/7.3.1/../../../../arm-none-eabi/lib/thumb/v7-m/crt0.o (exit)
d:/st/stm32cubeide_1.4.0/stm32cubeide/plugins/com.st.stm32cube.ide.mcu.externaltools.gnu-tools-for-stm32.7-2018-q2-update.win32_1.4.0.202007081208/tools/bin/../lib/gcc/arm-none-eabi/7.3.1/../../../../arm-none-eabi/lib/thumb/v7-m\libc_nano.a(lib_a-impure.o)
                              d:/st/stm32cubeide_1.4.0/stm32cubeide/plugins/com.st.stm32cube.ide.mcu.externaltools.gnu-tools-for-stm32.7-2018-q2-update.win32_1.4.0.202007081208/tools/bin/../lib/gcc/arm-none-eabi/7.3.1/../../../../arm-none-eabi/lib/thumb/v7-m\libc_nano.a(lib_a-exit.o) (_global_impure_ptr)
d:/st/stm32cubeide_1.4.0/stm32cubeide/plugins/com.st.stm32cube.ide.mcu.externaltools.gnu-tools-for-stm32.7-2018-q2-update.win32_1.4.0.202007081208/tools/bin/../lib/gcc/arm-none-eabi/7.3.1/../../../../arm-none-eabi/lib/thumb/v7-m\libc_nano.a(lib_a-init.o)
                              d:/st/stm32cubeide_1.4.0/stm32cubeide/plugins/com.st.stm32cube.ide.mcu.externaltools.gnu-tools-for-stm32.7-2018-q2-update.win32_1.4.0.202007081208/tools/bin/../lib/gcc/arm-none-eabi/7.3.1/../../../../arm-none-eabi/lib/thumb/v7-m/crt0.o (__libc_init_array)
d:/st/stm32cubeide_1.4.0/stm32cubeide/plugins/com.st.stm32cube.ide.mcu.externaltools.gnu-tools-for-stm32.7-2018-q2-update.win32_1.4.0.202007081208/tools/bin/../lib/gcc/arm-none-eabi/7.3.1/../../../../arm-none-eabi/lib/thumb/v7-m\libc_nano.a(lib_a-memset.o)
                              d:/st/stm32cubeide_1.4.0/stm32cubeide/plugins/com.st.stm32cube.ide.mcu.externaltools.gnu-tools-for-stm32.7-2018-q2-update.win32_1.4.0.202007081208/tools/bin/../lib/gcc/arm-none-eabi/7.3.1/../../../../arm-none-eabi/lib/thumb/v7-m/crt0.o (memset)

Allocating common symbols
Common symbol       size              file

uwTick              0x4               Drivers/STM32F1xx_HAL_Driver/Src/stm32f1xx_hal.o
pFlash              0x20              Drivers/STM32F1xx_HAL_Driver/Src/stm32f1xx_hal_flash.o
index               0x1               Core/Src/main.o

Discarded input sections

 .text          0x0000000000000000        0x0 d:/st/stm32cubeide_1.4.0/stm32cubeide/plugins/com.st.stm32cube.ide.mcu.externaltools.gnu-tools-for-stm32.7-2018-q2-update.win32_1.4.0.202007081208/tools/bin/../lib/gcc/arm-none-eabi/7.3.1/thumb/v7-m/crti.o
 .data          0x0000000000000000        0x0 d:/st/stm32cubeide_1.4.0/stm32cubeide/plugins/com.st.stm32cube.ide.mcu.externaltools.gnu-tools-for-stm32.7-2018-q2-update.win32_1.4.0.202007081208/tools/bin/../lib/gcc/arm-none-eabi/7.3.1/thumb/v7-m/crti.o
 .bss           0x0000000000000000        0x0 d:/st/stm32cubeide_1.4.0/stm32cubeide/plugins/com.st.stm32cube.ide.mcu.externaltools.gnu-tools-for-stm32.7-2018-q2-update.win32_1.4.0.202007081208/tools/bin/../lib/gcc/arm-none-eabi/7.3.1/thumb/v7-m/crti.o
 .data          0x0000000000000000        0x4 d:/st/stm32cubeide_1.4.0/stm32cubeide/plugins/com.st.stm32cube.ide.mcu.externaltools.gnu-tools-for-stm32.7-2018-q2-update.win32_1.4.0.202007081208/tools/bin/../lib/gcc/arm-none-eabi/7.3.1/thumb/v7-m/crtbegin.o
 .text          0x0000000000000000       0x74 d:/st/stm32cubeide_1.4.0/stm32cubeide/plugins/com.st.stm32cube.ide.mcu.externaltools.gnu-tools-for-stm32.7-2018-q2-update.win32_1.4.0.202007081208/tools/bin/../lib/gcc/arm-none-eabi/7.3.1/../../../../arm-none-eabi/lib/thumb/v7-m/crt0.o
 .data          0x0000000000000000        0x0 d:/st/stm32cubeide_1.4.0/stm32cubeide/plugins/com.st.stm32cube.ide.mcu.externaltools.gnu-tools-for-stm32.7-2018-q2-update.win32_1.4.0.202007081208/tools/bin/../lib/gcc/arm-none-eabi/7.3.1/../../../../arm-none-eabi/lib/thumb/v7-m/crt0.o
 .bss           0x0000000000000000        0x0 d:/st/stm32cubeide_1.4.0/stm32cubeide/plugins/com.st.stm32cube.ide.mcu.externaltools.gnu-tools-for-stm32.7-2018-q2-update.win32_1.4.0.202007081208/tools/bin/../lib/gcc/arm-none-eabi/7.3.1/../../../../arm-none-eabi/lib/thumb/v7-m/crt0.o
 .ARM.extab     0x0000000000000000        0x0 d:/st/stm32cubeide_1.4.0/stm32cubeide/plugins/com.st.stm32cube.ide.mcu.externaltools.gnu-tools-for-stm32.7-2018-q2-update.win32_1.4.0.202007081208/tools/bin/../lib/gcc/arm-none-eabi/7.3.1/../../../../arm-none-eabi/lib/thumb/v7-m/crt0.o
 .ARM.exidx     0x0000000000000000        0x8 d:/st/stm32cubeide_1.4.0/stm32cubeide/plugins/com.st.stm32cube.ide.mcu.externaltools.gnu-tools-for-stm32.7-2018-q2-update.win32_1.4.0.202007081208/tools/bin/../lib/gcc/arm-none-eabi/7.3.1/../../../../arm-none-eabi/lib/thumb/v7-m/crt0.o
 .ARM.attributes
                0x0000000000000000       0x1b d:/st/stm32cubeide_1.4.0/stm32cubeide/plugins/com.st.stm32cube.ide.mcu.externaltools.gnu-tools-for-stm32.7-2018-q2-update.win32_1.4.0.202007081208/tools/bin/../lib/gcc/arm-none-eabi/7.3.1/../../../../arm-none-eabi/lib/thumb/v7-m/crt0.o
 .text          0x0000000000000000        0x0 Core/Src/main.o
 .data          0x0000000000000000        0x0 Core/Src/main.o
 .bss           0x0000000000000000        0x0 Core/Src/main.o
 .bss.led_status
                0x0000000000000000        0x1 Core/Src/main.o
 .text          0x0000000000000000        0x0 Core/Src/stm32f1xx_hal_msp.o
 .data          0x0000000000000000        0x0 Core/Src/stm32f1xx_hal_msp.o
 .bss           0x0000000000000000        0x0 Core/Src/stm32f1xx_hal_msp.o
 .text.HAL_MspInit
                0x0000000000000000       0x64 Core/Src/stm32f1xx_hal_msp.o
 .debug_info    0x0000000000000000      0x2c7 Core/Src/stm32f1xx_hal_msp.o
 .debug_abbrev  0x0000000000000000      0x106 Core/Src/stm32f1xx_hal_msp.o
 .debug_aranges
                0x0000000000000000       0x20 Core/Src/stm32f1xx_hal_msp.o
 .debug_ranges  0x0000000000000000       0x10 Core/Src/stm32f1xx_hal_msp.o
 .debug_line    0x0000000000000000      0x291 Core/Src/stm32f1xx_hal_msp.o
 .debug_str     0x0000000000000000      0x30f Core/Src/stm32f1xx_hal_msp.o
 .comment       0x0000000000000000       0x7c Core/Src/stm32f1xx_hal_msp.o
 .debug_frame   0x0000000000000000       0x38 Core/Src/stm32f1xx_hal_msp.o
 .ARM.attributes
                0x0000000000000000       0x33 Core/Src/stm32f1xx_hal_msp.o
 .text          0x0000000000000000        0x0 Core/Src/stm32f1xx_it.o
 .data          0x0000000000000000        0x0 Core/Src/stm32f1xx_it.o
 .bss           0x0000000000000000        0x0 Core/Src/stm32f1xx_it.o
 .text          0x0000000000000000        0x0 Core/Src/syscalls.o
 .data          0x0000000000000000        0x0 Core/Src/syscalls.o
 .bss           0x0000000000000000        0x0 Core/Src/syscalls.o
 .bss.__env     0x0000000000000000        0x4 Core/Src/syscalls.o
 .data.environ  0x0000000000000000        0x4 Core/Src/syscalls.o
 .text.initialise_monitor_handles
                0x0000000000000000        0xc Core/Src/syscalls.o
 .text._getpid  0x0000000000000000        0xe Core/Src/syscalls.o
 .text._kill    0x0000000000000000       0x20 Core/Src/syscalls.o
 .text._exit    0x0000000000000000       0x14 Core/Src/syscalls.o
 .text._read    0x0000000000000000       0x3a Core/Src/syscalls.o
 .text._write   0x0000000000000000       0x38 Core/Src/syscalls.o
 .text._close   0x0000000000000000       0x16 Core/Src/syscalls.o
 .text._fstat   0x0000000000000000       0x1e Core/Src/syscalls.o
 .text._isatty  0x0000000000000000       0x14 Core/Src/syscalls.o
 .text._lseek   0x0000000000000000       0x18 Core/Src/syscalls.o
 .text._open    0x0000000000000000       0x1a Core/Src/syscalls.o
 .text._wait    0x0000000000000000       0x1e Core/Src/syscalls.o
 .text._unlink  0x0000000000000000       0x1e Core/Src/syscalls.o
 .text._times   0x0000000000000000       0x16 Core/Src/syscalls.o
 .text._stat    0x0000000000000000       0x1e Core/Src/syscalls.o
 .text._link    0x0000000000000000       0x20 Core/Src/syscalls.o
 .text._fork    0x0000000000000000       0x16 Core/Src/syscalls.o
 .text._execve  0x0000000000000000       0x22 Core/Src/syscalls.o
 .debug_info    0x0000000000000000      0xeb9 Core/Src/syscalls.o
 .debug_abbrev  0x0000000000000000      0x25e Core/Src/syscalls.o
 .debug_aranges
                0x0000000000000000       0xa8 Core/Src/syscalls.o
 .debug_ranges  0x0000000000000000       0x98 Core/Src/syscalls.o
 .debug_line    0x0000000000000000      0x50c Core/Src/syscalls.o
 .debug_str     0x0000000000000000      0x834 Core/Src/syscalls.o
 .comment       0x0000000000000000       0x7c Core/Src/syscalls.o
 .debug_frame   0x0000000000000000      0x2ac Core/Src/syscalls.o
 .ARM.attributes
                0x0000000000000000       0x33 Core/Src/syscalls.o
 .text          0x0000000000000000        0x0 Core/Src/sysmem.o
 .data          0x0000000000000000        0x0 Core/Src/sysmem.o
 .bss           0x0000000000000000        0x0 Core/Src/sysmem.o
 .bss.__sbrk_heap_end
                0x0000000000000000        0x4 Core/Src/sysmem.o
 .text._sbrk    0x0000000000000000       0x6c Core/Src/sysmem.o
 .debug_info    0x0000000000000000      0x981 Core/Src/sysmem.o
 .debug_abbrev  0x0000000000000000      0x198 Core/Src/sysmem.o
 .debug_aranges
                0x0000000000000000       0x20 Core/Src/sysmem.o
 .debug_ranges  0x0000000000000000       0x10 Core/Src/sysmem.o
 .debug_line    0x0000000000000000      0x2cf Core/Src/sysmem.o
 .debug_str     0x0000000000000000      0x65c Core/Src/sysmem.o
 .comment       0x0000000000000000       0x7c Core/Src/sysmem.o
 .debug_frame   0x0000000000000000       0x34 Core/Src/sysmem.o
 .ARM.attributes
                0x0000000000000000       0x33 Core/Src/sysmem.o
 .text          0x0000000000000000        0x0 Core/Src/system_stm32f1xx.o
 .data          0x0000000000000000        0x0 Core/Src/system_stm32f1xx.o
 .bss           0x0000000000000000        0x0 Core/Src/system_stm32f1xx.o
 .data.SystemCoreClock
                0x0000000000000000        0x4 Core/Src/system_stm32f1xx.o
 .rodata.AHBPrescTable
                0x0000000000000000       0x10 Core/Src/system_stm32f1xx.o
 .rodata.APBPrescTable
                0x0000000000000000        0x8 Core/Src/system_stm32f1xx.o
 .text.SystemCoreClockUpdate
                0x0000000000000000       0xd8 Core/Src/system_stm32f1xx.o
 .text          0x0000000000000000       0x14 Core/Startup/startup_stm32f103rctx.o
 .data          0x0000000000000000        0x0 Core/Startup/startup_stm32f103rctx.o
 .bss           0x0000000000000000        0x0 Core/Startup/startup_stm32f103rctx.o
 .text          0x0000000000000000        0x0 Drivers/STM32F1xx_HAL_Driver/Src/stm32f1xx_hal.o
 .data          0x0000000000000000        0x0 Drivers/STM32F1xx_HAL_Driver/Src/stm32f1xx_hal.o
 .bss           0x0000000000000000        0x0 Drivers/STM32F1xx_HAL_Driver/Src/stm32f1xx_hal.o
 .data.uwTickPrio
                0x0000000000000000        0x4 Drivers/STM32F1xx_HAL_Driver/Src/stm32f1xx_hal.o
 .text.HAL_Init
                0x0000000000000000       0x2c Drivers/STM32F1xx_HAL_Driver/Src/stm32f1xx_hal.o
 .text.HAL_DeInit
                0x0000000000000000       0x30 Drivers/STM32F1xx_HAL_Driver/Src/stm32f1xx_hal.o
 .text.HAL_MspInit
                0x0000000000000000        0xc Drivers/STM32F1xx_HAL_Driver/Src/stm32f1xx_hal.o
 .text.HAL_MspDeInit
                0x0000000000000000        0xc Drivers/STM32F1xx_HAL_Driver/Src/stm32f1xx_hal.o
 .text.HAL_InitTick
                0x0000000000000000       0x60 Drivers/STM32F1xx_HAL_Driver/Src/stm32f1xx_hal.o
 .text.HAL_GetTick
                0x0000000000000000       0x14 Drivers/STM32F1xx_HAL_Driver/Src/stm32f1xx_hal.o
 .text.HAL_GetTickPrio
                0x0000000000000000       0x14 Drivers/STM32F1xx_HAL_Driver/Src/stm32f1xx_hal.o
 .text.HAL_SetTickFreq
                0x0000000000000000       0x44 Drivers/STM32F1xx_HAL_Driver/Src/stm32f1xx_hal.o
 .text.HAL_GetTickFreq
                0x0000000000000000       0x14 Drivers/STM32F1xx_HAL_Driver/Src/stm32f1xx_hal.o
 .text.HAL_Delay
                0x0000000000000000       0x44 Drivers/STM32F1xx_HAL_Driver/Src/stm32f1xx_hal.o
 .text.HAL_SuspendTick
                0x0000000000000000       0x1c Drivers/STM32F1xx_HAL_Driver/Src/stm32f1xx_hal.o
 .text.HAL_ResumeTick
                0x0000000000000000       0x1c Drivers/STM32F1xx_HAL_Driver/Src/stm32f1xx_hal.o
 .text.HAL_GetHalVersion
                0x0000000000000000       0x14 Drivers/STM32F1xx_HAL_Driver/Src/stm32f1xx_hal.o
 .text.HAL_GetREVID
                0x0000000000000000       0x18 Drivers/STM32F1xx_HAL_Driver/Src/stm32f1xx_hal.o
 .text.HAL_GetDEVID
                0x0000000000000000       0x18 Drivers/STM32F1xx_HAL_Driver/Src/stm32f1xx_hal.o
 .text.HAL_GetUIDw0
                0x0000000000000000       0x14 Drivers/STM32F1xx_HAL_Driver/Src/stm32f1xx_hal.o
 .text.HAL_GetUIDw1
                0x0000000000000000       0x14 Drivers/STM32F1xx_HAL_Driver/Src/stm32f1xx_hal.o
 .text.HAL_GetUIDw2
                0x0000000000000000       0x14 Drivers/STM32F1xx_HAL_Driver/Src/stm32f1xx_hal.o
 .text.HAL_DBGMCU_EnableDBGSleepMode
                0x0000000000000000       0x1c Drivers/STM32F1xx_HAL_Driver/Src/stm32f1xx_hal.o
 .text.HAL_DBGMCU_DisableDBGSleepMode
                0x0000000000000000       0x1c Drivers/STM32F1xx_HAL_Driver/Src/stm32f1xx_hal.o
 .text.HAL_DBGMCU_EnableDBGStopMode
                0x0000000000000000       0x1c Drivers/STM32F1xx_HAL_Driver/Src/stm32f1xx_hal.o
 .text.HAL_DBGMCU_DisableDBGStopMode
                0x0000000000000000       0x1c Drivers/STM32F1xx_HAL_Driver/Src/stm32f1xx_hal.o
 .text.HAL_DBGMCU_EnableDBGStandbyMode
                0x0000000000000000       0x1c Drivers/STM32F1xx_HAL_Driver/Src/stm32f1xx_hal.o
 .text.HAL_DBGMCU_DisableDBGStandbyMode
                0x0000000000000000       0x1c Drivers/STM32F1xx_HAL_Driver/Src/stm32f1xx_hal.o
 .text          0x0000000000000000        0x0 Drivers/STM32F1xx_HAL_Driver/Src/stm32f1xx_hal_cortex.o
 .data          0x0000000000000000        0x0 Drivers/STM32F1xx_HAL_Driver/Src/stm32f1xx_hal_cortex.o
 .bss           0x0000000000000000        0x0 Drivers/STM32F1xx_HAL_Driver/Src/stm32f1xx_hal_cortex.o
 .text.__NVIC_SetPriorityGrouping
                0x0000000000000000       0x48 Drivers/STM32F1xx_HAL_Driver/Src/stm32f1xx_hal_cortex.o
 .text.__NVIC_GetPriorityGrouping
                0x0000000000000000       0x1c Drivers/STM32F1xx_HAL_Driver/Src/stm32f1xx_hal_cortex.o
 .text.__NVIC_EnableIRQ
                0x0000000000000000       0x38 Drivers/STM32F1xx_HAL_Driver/Src/stm32f1xx_hal_cortex.o
 .text.__NVIC_DisableIRQ
                0x0000000000000000       0x44 Drivers/STM32F1xx_HAL_Driver/Src/stm32f1xx_hal_cortex.o
 .text.__NVIC_GetPendingIRQ
                0x0000000000000000       0x40 Drivers/STM32F1xx_HAL_Driver/Src/stm32f1xx_hal_cortex.o
 .text.__NVIC_SetPendingIRQ
                0x0000000000000000       0x3c Drivers/STM32F1xx_HAL_Driver/Src/stm32f1xx_hal_cortex.o
 .text.__NVIC_ClearPendingIRQ
                0x0000000000000000       0x3c Drivers/STM32F1xx_HAL_Driver/Src/stm32f1xx_hal_cortex.o
 .text.__NVIC_GetActive
                0x0000000000000000       0x40 Drivers/STM32F1xx_HAL_Driver/Src/stm32f1xx_hal_cortex.o
 .text.__NVIC_SetPriority
                0x0000000000000000       0x54 Drivers/STM32F1xx_HAL_Driver/Src/stm32f1xx_hal_cortex.o
 .text.__NVIC_GetPriority
                0x0000000000000000       0x4c Drivers/STM32F1xx_HAL_Driver/Src/stm32f1xx_hal_cortex.o
 .text.NVIC_EncodePriority
                0x0000000000000000       0x64 Drivers/STM32F1xx_HAL_Driver/Src/stm32f1xx_hal_cortex.o
 .text.NVIC_DecodePriority
                0x0000000000000000       0x6c Drivers/STM32F1xx_HAL_Driver/Src/stm32f1xx_hal_cortex.o
 .text.__NVIC_SystemReset
                0x0000000000000000       0x28 Drivers/STM32F1xx_HAL_Driver/Src/stm32f1xx_hal_cortex.o
 .text.SysTick_Config
                0x0000000000000000       0x44 Drivers/STM32F1xx_HAL_Driver/Src/stm32f1xx_hal_cortex.o
 .text.HAL_NVIC_SetPriorityGrouping
                0x0000000000000000       0x16 Drivers/STM32F1xx_HAL_Driver/Src/stm32f1xx_hal_cortex.o
 .text.HAL_NVIC_SetPriority
                0x0000000000000000       0x38 Drivers/STM32F1xx_HAL_Driver/Src/stm32f1xx_hal_cortex.o
 .text.HAL_NVIC_EnableIRQ
                0x0000000000000000       0x1c Drivers/STM32F1xx_HAL_Driver/Src/stm32f1xx_hal_cortex.o
 .text.HAL_NVIC_DisableIRQ
                0x0000000000000000       0x1c Drivers/STM32F1xx_HAL_Driver/Src/stm32f1xx_hal_cortex.o
 .text.HAL_NVIC_SystemReset
                0x0000000000000000        0x8 Drivers/STM32F1xx_HAL_Driver/Src/stm32f1xx_hal_cortex.o
 .text.HAL_SYSTICK_Config
                0x0000000000000000       0x18 Drivers/STM32F1xx_HAL_Driver/Src/stm32f1xx_hal_cortex.o
 .text.HAL_NVIC_GetPriorityGrouping
                0x0000000000000000        0xe Drivers/STM32F1xx_HAL_Driver/Src/stm32f1xx_hal_cortex.o
 .text.HAL_NVIC_GetPriority
                0x0000000000000000       0x2c Drivers/STM32F1xx_HAL_Driver/Src/stm32f1xx_hal_cortex.o
 .text.HAL_NVIC_SetPendingIRQ
                0x0000000000000000       0x1c Drivers/STM32F1xx_HAL_Driver/Src/stm32f1xx_hal_cortex.o
 .text.HAL_NVIC_GetPendingIRQ
                0x0000000000000000       0x1e Drivers/STM32F1xx_HAL_Driver/Src/stm32f1xx_hal_cortex.o
 .text.HAL_NVIC_ClearPendingIRQ
                0x0000000000000000       0x1c Drivers/STM32F1xx_HAL_Driver/Src/stm32f1xx_hal_cortex.o
 .text.HAL_NVIC_GetActive
                0x0000000000000000       0x1e Drivers/STM32F1xx_HAL_Driver/Src/stm32f1xx_hal_cortex.o
 .text.HAL_SYSTICK_CLKSourceConfig
                0x0000000000000000       0x38 Drivers/STM32F1xx_HAL_Driver/Src/stm32f1xx_hal_cortex.o
 .text.HAL_SYSTICK_IRQHandler
                0x0000000000000000        0xc Drivers/STM32F1xx_HAL_Driver/Src/stm32f1xx_hal_cortex.o
 .text.HAL_SYSTICK_Callback
                0x0000000000000000        0xc Drivers/STM32F1xx_HAL_Driver/Src/stm32f1xx_hal_cortex.o
 .debug_info    0x0000000000000000      0xba8 Drivers/STM32F1xx_HAL_Driver/Src/stm32f1xx_hal_cortex.o
 .debug_abbrev  0x0000000000000000      0x2d2 Drivers/STM32F1xx_HAL_Driver/Src/stm32f1xx_hal_cortex.o
 .debug_aranges
                0x0000000000000000      0x100 Drivers/STM32F1xx_HAL_Driver/Src/stm32f1xx_hal_cortex.o
 .debug_ranges  0x0000000000000000       0xf0 Drivers/STM32F1xx_HAL_Driver/Src/stm32f1xx_hal_cortex.o
 .debug_line    0x0000000000000000      0x55b Drivers/STM32F1xx_HAL_Driver/Src/stm32f1xx_hal_cortex.o
 .debug_str     0x0000000000000000      0xa83 Drivers/STM32F1xx_HAL_Driver/Src/stm32f1xx_hal_cortex.o
 .comment       0x0000000000000000       0x7c Drivers/STM32F1xx_HAL_Driver/Src/stm32f1xx_hal_cortex.o
 .debug_frame   0x0000000000000000      0x428 Drivers/STM32F1xx_HAL_Driver/Src/stm32f1xx_hal_cortex.o
 .ARM.attributes
                0x0000000000000000       0x33 Drivers/STM32F1xx_HAL_Driver/Src/stm32f1xx_hal_cortex.o
 .text          0x0000000000000000        0x0 Drivers/STM32F1xx_HAL_Driver/Src/stm32f1xx_hal_dma.o
 .data          0x0000000000000000        0x0 Drivers/STM32F1xx_HAL_Driver/Src/stm32f1xx_hal_dma.o
 .bss           0x0000000000000000        0x0 Drivers/STM32F1xx_HAL_Driver/Src/stm32f1xx_hal_dma.o
 .text.HAL_DMA_Init
                0x0000000000000000       0xec Drivers/STM32F1xx_HAL_Driver/Src/stm32f1xx_hal_dma.o
 .text.HAL_DMA_DeInit
                0x0000000000000000       0xf0 Drivers/STM32F1xx_HAL_Driver/Src/stm32f1xx_hal_dma.o
 .text.HAL_DMA_Start
                0x0000000000000000       0x84 Drivers/STM32F1xx_HAL_Driver/Src/stm32f1xx_hal_dma.o
 .text.HAL_DMA_Start_IT
                0x0000000000000000       0xbe Drivers/STM32F1xx_HAL_Driver/Src/stm32f1xx_hal_dma.o
 .text.HAL_DMA_Abort
                0x0000000000000000       0x74 Drivers/STM32F1xx_HAL_Driver/Src/stm32f1xx_hal_dma.o
 .text.HAL_DMA_Abort_IT
                0x0000000000000000      0x210 Drivers/STM32F1xx_HAL_Driver/Src/stm32f1xx_hal_dma.o
 .text.HAL_DMA_PollForTransfer
                0x0000000000000000      0x77c Drivers/STM32F1xx_HAL_Driver/Src/stm32f1xx_hal_dma.o
 .text.HAL_DMA_IRQHandler
                0x0000000000000000      0x478 Drivers/STM32F1xx_HAL_Driver/Src/stm32f1xx_hal_dma.o
 .text.HAL_DMA_RegisterCallback
                0x0000000000000000       0x90 Drivers/STM32F1xx_HAL_Driver/Src/stm32f1xx_hal_dma.o
 .text.HAL_DMA_UnRegisterCallback
                0x0000000000000000       0xac Drivers/STM32F1xx_HAL_Driver/Src/stm32f1xx_hal_dma.o
 .text.HAL_DMA_GetState
                0x0000000000000000       0x18 Drivers/STM32F1xx_HAL_Driver/Src/stm32f1xx_hal_dma.o
 .text.HAL_DMA_GetError
                0x0000000000000000       0x16 Drivers/STM32F1xx_HAL_Driver/Src/stm32f1xx_hal_dma.o
 .text.DMA_SetConfig
                0x0000000000000000       0x5a Drivers/STM32F1xx_HAL_Driver/Src/stm32f1xx_hal_dma.o
 .debug_info    0x0000000000000000      0x7a2 Drivers/STM32F1xx_HAL_Driver/Src/stm32f1xx_hal_dma.o
 .debug_abbrev  0x0000000000000000      0x1fb Drivers/STM32F1xx_HAL_Driver/Src/stm32f1xx_hal_dma.o
 .debug_aranges
                0x0000000000000000       0x80 Drivers/STM32F1xx_HAL_Driver/Src/stm32f1xx_hal_dma.o
 .debug_ranges  0x0000000000000000       0x70 Drivers/STM32F1xx_HAL_Driver/Src/stm32f1xx_hal_dma.o
 .debug_line    0x0000000000000000      0xb99 Drivers/STM32F1xx_HAL_Driver/Src/stm32f1xx_hal_dma.o
 .debug_str     0x0000000000000000      0x6e1 Drivers/STM32F1xx_HAL_Driver/Src/stm32f1xx_hal_dma.o
 .comment       0x0000000000000000       0x7c Drivers/STM32F1xx_HAL_Driver/Src/stm32f1xx_hal_dma.o
 .debug_frame   0x0000000000000000      0x20c Drivers/STM32F1xx_HAL_Driver/Src/stm32f1xx_hal_dma.o
 .ARM.attributes
                0x0000000000000000       0x33 Drivers/STM32F1xx_HAL_Driver/Src/stm32f1xx_hal_dma.o
 .text          0x0000000000000000        0x0 Drivers/STM32F1xx_HAL_Driver/Src/stm32f1xx_hal_exti.o
 .data          0x0000000000000000        0x0 Drivers/STM32F1xx_HAL_Driver/Src/stm32f1xx_hal_exti.o
 .bss           0x0000000000000000        0x0 Drivers/STM32F1xx_HAL_Driver/Src/stm32f1xx_hal_exti.o
 .text.HAL_EXTI_SetConfigLine
                0x0000000000000000      0x14c Drivers/STM32F1xx_HAL_Driver/Src/stm32f1xx_hal_exti.o
 .text.HAL_EXTI_GetConfigLine
                0x0000000000000000      0x104 Drivers/STM32F1xx_HAL_Driver/Src/stm32f1xx_hal_exti.o
 .text.HAL_EXTI_ClearConfigLine
                0x0000000000000000       0xc0 Drivers/STM32F1xx_HAL_Driver/Src/stm32f1xx_hal_exti.o
 .text.HAL_EXTI_RegisterCallback
                0x0000000000000000       0x32 Drivers/STM32F1xx_HAL_Driver/Src/stm32f1xx_hal_exti.o
 .text.HAL_EXTI_GetHandle
                0x0000000000000000       0x26 Drivers/STM32F1xx_HAL_Driver/Src/stm32f1xx_hal_exti.o
 .text.HAL_EXTI_IRQHandler
                0x0000000000000000       0x48 Drivers/STM32F1xx_HAL_Driver/Src/stm32f1xx_hal_exti.o
 .text.HAL_EXTI_GetPending
                0x0000000000000000       0x40 Drivers/STM32F1xx_HAL_Driver/Src/stm32f1xx_hal_exti.o
 .text.HAL_EXTI_ClearPending
                0x0000000000000000       0x30 Drivers/STM32F1xx_HAL_Driver/Src/stm32f1xx_hal_exti.o
 .text.HAL_EXTI_GenerateSWI
                0x0000000000000000       0x2c Drivers/STM32F1xx_HAL_Driver/Src/stm32f1xx_hal_exti.o
 .debug_info    0x0000000000000000      0x5ca Drivers/STM32F1xx_HAL_Driver/Src/stm32f1xx_hal_exti.o
 .debug_abbrev  0x0000000000000000      0x1b9 Drivers/STM32F1xx_HAL_Driver/Src/stm32f1xx_hal_exti.o
 .debug_aranges
                0x0000000000000000       0x60 Drivers/STM32F1xx_HAL_Driver/Src/stm32f1xx_hal_exti.o
 .debug_ranges  0x0000000000000000       0x50 Drivers/STM32F1xx_HAL_Driver/Src/stm32f1xx_hal_exti.o
 .debug_line    0x0000000000000000      0x3c6 Drivers/STM32F1xx_HAL_Driver/Src/stm32f1xx_hal_exti.o
 .debug_str     0x0000000000000000      0x4c6 Drivers/STM32F1xx_HAL_Driver/Src/stm32f1xx_hal_exti.o
 .comment       0x0000000000000000       0x7c Drivers/STM32F1xx_HAL_Driver/Src/stm32f1xx_hal_exti.o
 .debug_frame   0x0000000000000000      0x174 Drivers/STM32F1xx_HAL_Driver/Src/stm32f1xx_hal_exti.o
 .ARM.attributes
                0x0000000000000000       0x33 Drivers/STM32F1xx_HAL_Driver/Src/stm32f1xx_hal_exti.o
 .text          0x0000000000000000        0x0 Drivers/STM32F1xx_HAL_Driver/Src/stm32f1xx_hal_flash.o
 .data          0x0000000000000000        0x0 Drivers/STM32F1xx_HAL_Driver/Src/stm32f1xx_hal_flash.o
 .bss           0x0000000000000000        0x0 Drivers/STM32F1xx_HAL_Driver/Src/stm32f1xx_hal_flash.o
 .text.HAL_FLASH_Program
                0x0000000000000000       0xe0 Drivers/STM32F1xx_HAL_Driver/Src/stm32f1xx_hal_flash.o
 .text.HAL_FLASH_Program_IT
                0x0000000000000000       0x90 Drivers/STM32F1xx_HAL_Driver/Src/stm32f1xx_hal_flash.o
 .text.HAL_FLASH_IRQHandler
                0x0000000000000000      0x1cc Drivers/STM32F1xx_HAL_Driver/Src/stm32f1xx_hal_flash.o
 .text.HAL_FLASH_EndOfOperationCallback
                0x0000000000000000       0x12 Drivers/STM32F1xx_HAL_Driver/Src/stm32f1xx_hal_flash.o
 .text.HAL_FLASH_OperationErrorCallback
                0x0000000000000000       0x12 Drivers/STM32F1xx_HAL_Driver/Src/stm32f1xx_hal_flash.o
 .text.HAL_FLASH_Unlock
                0x0000000000000000       0x4c Drivers/STM32F1xx_HAL_Driver/Src/stm32f1xx_hal_flash.o
 .text.HAL_FLASH_Lock
                0x0000000000000000       0x20 Drivers/STM32F1xx_HAL_Driver/Src/stm32f1xx_hal_flash.o
 .text.HAL_FLASH_OB_Unlock
                0x0000000000000000       0x38 Drivers/STM32F1xx_HAL_Driver/Src/stm32f1xx_hal_flash.o
 .text.HAL_FLASH_OB_Lock
                0x0000000000000000       0x20 Drivers/STM32F1xx_HAL_Driver/Src/stm32f1xx_hal_flash.o
 .text.HAL_FLASH_OB_Launch
                0x0000000000000000        0xc Drivers/STM32F1xx_HAL_Driver/Src/stm32f1xx_hal_flash.o
 .text.HAL_FLASH_GetError
                0x0000000000000000       0x14 Drivers/STM32F1xx_HAL_Driver/Src/stm32f1xx_hal_flash.o
 .text.FLASH_Program_HalfWord
                0x0000000000000000       0x38 Drivers/STM32F1xx_HAL_Driver/Src/stm32f1xx_hal_flash.o
 .text.FLASH_WaitForLastOperation
                0x0000000000000000       0x8c Drivers/STM32F1xx_HAL_Driver/Src/stm32f1xx_hal_flash.o
 .text.FLASH_SetErrorCode
                0x0000000000000000       0xa0 Drivers/STM32F1xx_HAL_Driver/Src/stm32f1xx_hal_flash.o
 .debug_info    0x0000000000000000      0x595 Drivers/STM32F1xx_HAL_Driver/Src/stm32f1xx_hal_flash.o
 .debug_abbrev  0x0000000000000000      0x20d Drivers/STM32F1xx_HAL_Driver/Src/stm32f1xx_hal_flash.o
 .debug_aranges
                0x0000000000000000       0x88 Drivers/STM32F1xx_HAL_Driver/Src/stm32f1xx_hal_flash.o
 .debug_ranges  0x0000000000000000       0x78 Drivers/STM32F1xx_HAL_Driver/Src/stm32f1xx_hal_flash.o
 .debug_line    0x0000000000000000      0x4cf Drivers/STM32F1xx_HAL_Driver/Src/stm32f1xx_hal_flash.o
 .debug_str     0x0000000000000000      0x5dc Drivers/STM32F1xx_HAL_Driver/Src/stm32f1xx_hal_flash.o
 .comment       0x0000000000000000       0x7c Drivers/STM32F1xx_HAL_Driver/Src/stm32f1xx_hal_flash.o
 .debug_frame   0x0000000000000000      0x214 Drivers/STM32F1xx_HAL_Driver/Src/stm32f1xx_hal_flash.o
 .ARM.attributes
                0x0000000000000000       0x33 Drivers/STM32F1xx_HAL_Driver/Src/stm32f1xx_hal_flash.o
 COMMON         0x0000000000000000       0x20 Drivers/STM32F1xx_HAL_Driver/Src/stm32f1xx_hal_flash.o
 .text          0x0000000000000000        0x0 Drivers/STM32F1xx_HAL_Driver/Src/stm32f1xx_hal_flash_ex.o
 .data          0x0000000000000000        0x0 Drivers/STM32F1xx_HAL_Driver/Src/stm32f1xx_hal_flash_ex.o
 .bss           0x0000000000000000        0x0 Drivers/STM32F1xx_HAL_Driver/Src/stm32f1xx_hal_flash_ex.o
 .text.HAL_FLASHEx_Erase
                0x0000000000000000       0xd8 Drivers/STM32F1xx_HAL_Driver/Src/stm32f1xx_hal_flash_ex.o
 .text.HAL_FLASHEx_Erase_IT
                0x0000000000000000       0x84 Drivers/STM32F1xx_HAL_Driver/Src/stm32f1xx_hal_flash_ex.o
 .text.HAL_FLASHEx_OBErase
                0x0000000000000000       0x84 Drivers/STM32F1xx_HAL_Driver/Src/stm32f1xx_hal_flash_ex.o
 .text.HAL_FLASHEx_OBProgram
                0x0000000000000000       0xf8 Drivers/STM32F1xx_HAL_Driver/Src/stm32f1xx_hal_flash_ex.o
 .text.HAL_FLASHEx_OBGetConfig
                0x0000000000000000       0x38 Drivers/STM32F1xx_HAL_Driver/Src/stm32f1xx_hal_flash_ex.o
 .text.HAL_FLASHEx_OBGetUserData
                0x0000000000000000       0x40 Drivers/STM32F1xx_HAL_Driver/Src/stm32f1xx_hal_flash_ex.o
 .text.FLASH_MassErase
                0x0000000000000000       0x38 Drivers/STM32F1xx_HAL_Driver/Src/stm32f1xx_hal_flash_ex.o
 .text.FLASH_OB_EnableWRP
                0x0000000000000000      0x144 Drivers/STM32F1xx_HAL_Driver/Src/stm32f1xx_hal_flash_ex.o
 .text.FLASH_OB_DisableWRP
                0x0000000000000000      0x140 Drivers/STM32F1xx_HAL_Driver/Src/stm32f1xx_hal_flash_ex.o
 .text.FLASH_OB_RDP_LevelConfig
                0x0000000000000000       0xa0 Drivers/STM32F1xx_HAL_Driver/Src/stm32f1xx_hal_flash_ex.o
 .text.FLASH_OB_UserConfig
                0x0000000000000000       0x70 Drivers/STM32F1xx_HAL_Driver/Src/stm32f1xx_hal_flash_ex.o
 .text.FLASH_OB_ProgramData
                0x0000000000000000       0x68 Drivers/STM32F1xx_HAL_Driver/Src/stm32f1xx_hal_flash_ex.o
 .text.FLASH_OB_GetWRP
                0x0000000000000000       0x14 Drivers/STM32F1xx_HAL_Driver/Src/stm32f1xx_hal_flash_ex.o
 .text.FLASH_OB_GetRDP
                0x0000000000000000       0x38 Drivers/STM32F1xx_HAL_Driver/Src/stm32f1xx_hal_flash_ex.o
 .text.FLASH_OB_GetUser
                0x0000000000000000       0x20 Drivers/STM32F1xx_HAL_Driver/Src/stm32f1xx_hal_flash_ex.o
 .text.FLASH_PageErase
                0x0000000000000000       0x40 Drivers/STM32F1xx_HAL_Driver/Src/stm32f1xx_hal_flash_ex.o
 .debug_info    0x0000000000000000      0x818 Drivers/STM32F1xx_HAL_Driver/Src/stm32f1xx_hal_flash_ex.o
 .debug_abbrev  0x0000000000000000      0x218 Drivers/STM32F1xx_HAL_Driver/Src/stm32f1xx_hal_flash_ex.o
 .debug_aranges
                0x0000000000000000       0x98 Drivers/STM32F1xx_HAL_Driver/Src/stm32f1xx_hal_flash_ex.o
 .debug_ranges  0x0000000000000000       0x88 Drivers/STM32F1xx_HAL_Driver/Src/stm32f1xx_hal_flash_ex.o
 .debug_line    0x0000000000000000      0x52d Drivers/STM32F1xx_HAL_Driver/Src/stm32f1xx_hal_flash_ex.o
 .debug_str     0x0000000000000000      0x708 Drivers/STM32F1xx_HAL_Driver/Src/stm32f1xx_hal_flash_ex.o
 .comment       0x0000000000000000       0x7c Drivers/STM32F1xx_HAL_Driver/Src/stm32f1xx_hal_flash_ex.o
 .debug_frame   0x0000000000000000      0x258 Drivers/STM32F1xx_HAL_Driver/Src/stm32f1xx_hal_flash_ex.o
 .ARM.attributes
                0x0000000000000000       0x33 Drivers/STM32F1xx_HAL_Driver/Src/stm32f1xx_hal_flash_ex.o
 .text          0x0000000000000000        0x0 Drivers/STM32F1xx_HAL_Driver/Src/stm32f1xx_hal_gpio.o
 .data          0x0000000000000000        0x0 Drivers/STM32F1xx_HAL_Driver/Src/stm32f1xx_hal_gpio.o
 .bss           0x0000000000000000        0x0 Drivers/STM32F1xx_HAL_Driver/Src/stm32f1xx_hal_gpio.o
 .text.HAL_GPIO_Init
                0x0000000000000000      0x2d4 Drivers/STM32F1xx_HAL_Driver/Src/stm32f1xx_hal_gpio.o
 .text.HAL_GPIO_DeInit
                0x0000000000000000      0x198 Drivers/STM32F1xx_HAL_Driver/Src/stm32f1xx_hal_gpio.o
 .text.HAL_GPIO_ReadPin
                0x0000000000000000       0x2e Drivers/STM32F1xx_HAL_Driver/Src/stm32f1xx_hal_gpio.o
 .text.HAL_GPIO_WritePin
                0x0000000000000000       0x30 Drivers/STM32F1xx_HAL_Driver/Src/stm32f1xx_hal_gpio.o
 .text.HAL_GPIO_TogglePin
                0x0000000000000000       0x30 Drivers/STM32F1xx_HAL_Driver/Src/stm32f1xx_hal_gpio.o
 .text.HAL_GPIO_LockPin
                0x0000000000000000       0x4e Drivers/STM32F1xx_HAL_Driver/Src/stm32f1xx_hal_gpio.o
 .text.HAL_GPIO_EXTI_IRQHandler
                0x0000000000000000       0x30 Drivers/STM32F1xx_HAL_Driver/Src/stm32f1xx_hal_gpio.o
 .text.HAL_GPIO_EXTI_Callback
                0x0000000000000000       0x14 Drivers/STM32F1xx_HAL_Driver/Src/stm32f1xx_hal_gpio.o
 .debug_info    0x0000000000000000      0x67d Drivers/STM32F1xx_HAL_Driver/Src/stm32f1xx_hal_gpio.o
 .debug_abbrev  0x0000000000000000      0x1bd Drivers/STM32F1xx_HAL_Driver/Src/stm32f1xx_hal_gpio.o
 .debug_aranges
                0x0000000000000000       0x58 Drivers/STM32F1xx_HAL_Driver/Src/stm32f1xx_hal_gpio.o
 .debug_ranges  0x0000000000000000       0x48 Drivers/STM32F1xx_HAL_Driver/Src/stm32f1xx_hal_gpio.o
 .debug_line    0x0000000000000000      0x4ca Drivers/STM32F1xx_HAL_Driver/Src/stm32f1xx_hal_gpio.o
 .debug_str     0x0000000000000000      0x4f0 Drivers/STM32F1xx_HAL_Driver/Src/stm32f1xx_hal_gpio.o
 .comment       0x0000000000000000       0x7c Drivers/STM32F1xx_HAL_Driver/Src/stm32f1xx_hal_gpio.o
 .debug_frame   0x0000000000000000      0x14c Drivers/STM32F1xx_HAL_Driver/Src/stm32f1xx_hal_gpio.o
 .ARM.attributes
                0x0000000000000000       0x33 Drivers/STM32F1xx_HAL_Driver/Src/stm32f1xx_hal_gpio.o
 .text          0x0000000000000000        0x0 Drivers/STM32F1xx_HAL_Driver/Src/stm32f1xx_hal_gpio_ex.o
 .data          0x0000000000000000        0x0 Drivers/STM32F1xx_HAL_Driver/Src/stm32f1xx_hal_gpio_ex.o
 .bss           0x0000000000000000        0x0 Drivers/STM32F1xx_HAL_Driver/Src/stm32f1xx_hal_gpio_ex.o
 .text.HAL_GPIOEx_ConfigEventout
                0x0000000000000000       0x2c Drivers/STM32F1xx_HAL_Driver/Src/stm32f1xx_hal_gpio_ex.o
 .text.HAL_GPIOEx_EnableEventout
                0x0000000000000000       0x1c Drivers/STM32F1xx_HAL_Driver/Src/stm32f1xx_hal_gpio_ex.o
 .text.HAL_GPIOEx_DisableEventout
                0x0000000000000000       0x1c Drivers/STM32F1xx_HAL_Driver/Src/stm32f1xx_hal_gpio_ex.o
 .debug_info    0x0000000000000000      0x21e Drivers/STM32F1xx_HAL_Driver/Src/stm32f1xx_hal_gpio_ex.o
 .debug_abbrev  0x0000000000000000       0xfb Drivers/STM32F1xx_HAL_Driver/Src/stm32f1xx_hal_gpio_ex.o
 .debug_aranges
                0x0000000000000000       0x30 Drivers/STM32F1xx_HAL_Driver/Src/stm32f1xx_hal_gpio_ex.o
 .debug_ranges  0x0000000000000000       0x20 Drivers/STM32F1xx_HAL_Driver/Src/stm32f1xx_hal_gpio_ex.o
 .debug_line    0x0000000000000000      0x2cf Drivers/STM32F1xx_HAL_Driver/Src/stm32f1xx_hal_gpio_ex.o
 .debug_str     0x0000000000000000      0x347 Drivers/STM32F1xx_HAL_Driver/Src/stm32f1xx_hal_gpio_ex.o
 .comment       0x0000000000000000       0x7c Drivers/STM32F1xx_HAL_Driver/Src/stm32f1xx_hal_gpio_ex.o
 .debug_frame   0x0000000000000000       0x78 Drivers/STM32F1xx_HAL_Driver/Src/stm32f1xx_hal_gpio_ex.o
 .ARM.attributes
                0x0000000000000000       0x33 Drivers/STM32F1xx_HAL_Driver/Src/stm32f1xx_hal_gpio_ex.o
 .text          0x0000000000000000        0x0 Drivers/STM32F1xx_HAL_Driver/Src/stm32f1xx_hal_pwr.o
 .data          0x0000000000000000        0x0 Drivers/STM32F1xx_HAL_Driver/Src/stm32f1xx_hal_pwr.o
 .bss           0x0000000000000000        0x0 Drivers/STM32F1xx_HAL_Driver/Src/stm32f1xx_hal_pwr.o
 .text.PWR_OverloadWfe
                0x0000000000000000       0x10 Drivers/STM32F1xx_HAL_Driver/Src/stm32f1xx_hal_pwr.o
 .text.HAL_PWR_DeInit
                0x0000000000000000       0x28 Drivers/STM32F1xx_HAL_Driver/Src/stm32f1xx_hal_pwr.o
 .text.HAL_PWR_EnableBkUpAccess
                0x0000000000000000       0x18 Drivers/STM32F1xx_HAL_Driver/Src/stm32f1xx_hal_pwr.o
 .text.HAL_PWR_DisableBkUpAccess
                0x0000000000000000       0x18 Drivers/STM32F1xx_HAL_Driver/Src/stm32f1xx_hal_pwr.o
 .text.HAL_PWR_ConfigPVD
                0x0000000000000000       0xbc Drivers/STM32F1xx_HAL_Driver/Src/stm32f1xx_hal_pwr.o
 .text.HAL_PWR_EnablePVD
                0x0000000000000000       0x18 Drivers/STM32F1xx_HAL_Driver/Src/stm32f1xx_hal_pwr.o
 .text.HAL_PWR_DisablePVD
                0x0000000000000000       0x18 Drivers/STM32F1xx_HAL_Driver/Src/stm32f1xx_hal_pwr.o
 .text.HAL_PWR_EnableWakeUpPin
                0x0000000000000000       0x38 Drivers/STM32F1xx_HAL_Driver/Src/stm32f1xx_hal_pwr.o
 .text.HAL_PWR_DisableWakeUpPin
                0x0000000000000000       0x38 Drivers/STM32F1xx_HAL_Driver/Src/stm32f1xx_hal_pwr.o
 .text.HAL_PWR_EnterSLEEPMode
                0x0000000000000000       0x38 Drivers/STM32F1xx_HAL_Driver/Src/stm32f1xx_hal_pwr.o
 .text.HAL_PWR_EnterSTOPMode
                0x0000000000000000       0x64 Drivers/STM32F1xx_HAL_Driver/Src/stm32f1xx_hal_pwr.o
 .text.HAL_PWR_EnterSTANDBYMode
                0x0000000000000000       0x30 Drivers/STM32F1xx_HAL_Driver/Src/stm32f1xx_hal_pwr.o
 .text.HAL_PWR_EnableSleepOnExit
                0x0000000000000000       0x1c Drivers/STM32F1xx_HAL_Driver/Src/stm32f1xx_hal_pwr.o
 .text.HAL_PWR_DisableSleepOnExit
                0x0000000000000000       0x1c Drivers/STM32F1xx_HAL_Driver/Src/stm32f1xx_hal_pwr.o
 .text.HAL_PWR_EnableSEVOnPend
                0x0000000000000000       0x1c Drivers/STM32F1xx_HAL_Driver/Src/stm32f1xx_hal_pwr.o
 .text.HAL_PWR_DisableSEVOnPend
                0x0000000000000000       0x1c Drivers/STM32F1xx_HAL_Driver/Src/stm32f1xx_hal_pwr.o
 .text.HAL_PWR_PVD_IRQHandler
                0x0000000000000000       0x24 Drivers/STM32F1xx_HAL_Driver/Src/stm32f1xx_hal_pwr.o
 .text.HAL_PWR_PVDCallback
                0x0000000000000000        0xc Drivers/STM32F1xx_HAL_Driver/Src/stm32f1xx_hal_pwr.o
 .debug_info    0x0000000000000000      0x6d3 Drivers/STM32F1xx_HAL_Driver/Src/stm32f1xx_hal_pwr.o
 .debug_abbrev  0x0000000000000000      0x1ef Drivers/STM32F1xx_HAL_Driver/Src/stm32f1xx_hal_pwr.o
 .debug_aranges
                0x0000000000000000       0xa8 Drivers/STM32F1xx_HAL_Driver/Src/stm32f1xx_hal_pwr.o
 .debug_ranges  0x0000000000000000       0x98 Drivers/STM32F1xx_HAL_Driver/Src/stm32f1xx_hal_pwr.o
 .debug_line    0x0000000000000000      0x44d Drivers/STM32F1xx_HAL_Driver/Src/stm32f1xx_hal_pwr.o
 .debug_str     0x0000000000000000      0x579 Drivers/STM32F1xx_HAL_Driver/Src/stm32f1xx_hal_pwr.o
 .comment       0x0000000000000000       0x7c Drivers/STM32F1xx_HAL_Driver/Src/stm32f1xx_hal_pwr.o
 .debug_frame   0x0000000000000000      0x270 Drivers/STM32F1xx_HAL_Driver/Src/stm32f1xx_hal_pwr.o
 .ARM.attributes
                0x0000000000000000       0x33 Drivers/STM32F1xx_HAL_Driver/Src/stm32f1xx_hal_pwr.o
 .text          0x0000000000000000        0x0 Drivers/STM32F1xx_HAL_Driver/Src/stm32f1xx_hal_rcc.o
 .data          0x0000000000000000        0x0 Drivers/STM32F1xx_HAL_Driver/Src/stm32f1xx_hal_rcc.o
 .bss           0x0000000000000000        0x0 Drivers/STM32F1xx_HAL_Driver/Src/stm32f1xx_hal_rcc.o
 .text.HAL_RCC_DeInit
                0x0000000000000000      0x134 Drivers/STM32F1xx_HAL_Driver/Src/stm32f1xx_hal_rcc.o
 .text.HAL_RCC_OscConfig
                0x0000000000000000      0x500 Drivers/STM32F1xx_HAL_Driver/Src/stm32f1xx_hal_rcc.o
 .text.HAL_RCC_ClockConfig
                0x0000000000000000      0x1d4 Drivers/STM32F1xx_HAL_Driver/Src/stm32f1xx_hal_rcc.o
 .text.HAL_RCC_MCOConfig
                0x0000000000000000       0x70 Drivers/STM32F1xx_HAL_Driver/Src/stm32f1xx_hal_rcc.o
 .text.HAL_RCC_EnableCSS
                0x0000000000000000       0x18 Drivers/STM32F1xx_HAL_Driver/Src/stm32f1xx_hal_rcc.o
 .text.HAL_RCC_DisableCSS
                0x0000000000000000       0x18 Drivers/STM32F1xx_HAL_Driver/Src/stm32f1xx_hal_rcc.o
 .rodata        0x0000000000000000       0x12 Drivers/STM32F1xx_HAL_Driver/Src/stm32f1xx_hal_rcc.o
 .text.HAL_RCC_GetSysClockFreq
                0x0000000000000000       0xc4 Drivers/STM32F1xx_HAL_Driver/Src/stm32f1xx_hal_rcc.o
 .text.HAL_RCC_GetHCLKFreq
                0x0000000000000000       0x14 Drivers/STM32F1xx_HAL_Driver/Src/stm32f1xx_hal_rcc.o
 .text.HAL_RCC_GetPCLK1Freq
                0x0000000000000000       0x28 Drivers/STM32F1xx_HAL_Driver/Src/stm32f1xx_hal_rcc.o
 .text.HAL_RCC_GetPCLK2Freq
                0x0000000000000000       0x28 Drivers/STM32F1xx_HAL_Driver/Src/stm32f1xx_hal_rcc.o
 .text.HAL_RCC_GetOscConfig
                0x0000000000000000      0x104 Drivers/STM32F1xx_HAL_Driver/Src/stm32f1xx_hal_rcc.o
 .text.HAL_RCC_GetClockConfig
                0x0000000000000000       0x60 Drivers/STM32F1xx_HAL_Driver/Src/stm32f1xx_hal_rcc.o
 .text.HAL_RCC_NMI_IRQHandler
                0x0000000000000000       0x28 Drivers/STM32F1xx_HAL_Driver/Src/stm32f1xx_hal_rcc.o
 .text.RCC_Delay
                0x0000000000000000       0x3c Drivers/STM32F1xx_HAL_Driver/Src/stm32f1xx_hal_rcc.o
 .text.HAL_RCC_CSSCallback
                0x0000000000000000        0xc Drivers/STM32F1xx_HAL_Driver/Src/stm32f1xx_hal_rcc.o
 .debug_info    0x0000000000000000      0x800 Drivers/STM32F1xx_HAL_Driver/Src/stm32f1xx_hal_rcc.o
 .debug_abbrev  0x0000000000000000      0x240 Drivers/STM32F1xx_HAL_Driver/Src/stm32f1xx_hal_rcc.o
 .debug_aranges
                0x0000000000000000       0x90 Drivers/STM32F1xx_HAL_Driver/Src/stm32f1xx_hal_rcc.o
 .debug_ranges  0x0000000000000000       0x80 Drivers/STM32F1xx_HAL_Driver/Src/stm32f1xx_hal_rcc.o
 .debug_line    0x0000000000000000      0x5a4 Drivers/STM32F1xx_HAL_Driver/Src/stm32f1xx_hal_rcc.o
 .debug_str     0x0000000000000000      0x6ab Drivers/STM32F1xx_HAL_Driver/Src/stm32f1xx_hal_rcc.o
 .comment       0x0000000000000000       0x7c Drivers/STM32F1xx_HAL_Driver/Src/stm32f1xx_hal_rcc.o
 .debug_frame   0x0000000000000000      0x21c Drivers/STM32F1xx_HAL_Driver/Src/stm32f1xx_hal_rcc.o
 .ARM.attributes
                0x0000000000000000       0x33 Drivers/STM32F1xx_HAL_Driver/Src/stm32f1xx_hal_rcc.o
 .text          0x0000000000000000        0x0 Drivers/STM32F1xx_HAL_Driver/Src/stm32f1xx_hal_rcc_ex.o
 .data          0x0000000000000000        0x0 Drivers/STM32F1xx_HAL_Driver/Src/stm32f1xx_hal_rcc_ex.o
 .bss           0x0000000000000000        0x0 Drivers/STM32F1xx_HAL_Driver/Src/stm32f1xx_hal_rcc_ex.o
 .text.HAL_RCCEx_PeriphCLKConfig
                0x0000000000000000      0x16c Drivers/STM32F1xx_HAL_Driver/Src/stm32f1xx_hal_rcc_ex.o
 .text.HAL_RCCEx_GetPeriphCLKConfig
                0x0000000000000000       0x84 Drivers/STM32F1xx_HAL_Driver/Src/stm32f1xx_hal_rcc_ex.o
 .rodata        0x0000000000000000       0x12 Drivers/STM32F1xx_HAL_Driver/Src/stm32f1xx_hal_rcc_ex.o
 .text.HAL_RCCEx_GetPeriphCLKFreq
                0x0000000000000000      0x1d0 Drivers/STM32F1xx_HAL_Driver/Src/stm32f1xx_hal_rcc_ex.o
 .debug_info    0x0000000000000000      0x44f Drivers/STM32F1xx_HAL_Driver/Src/stm32f1xx_hal_rcc_ex.o
 .debug_abbrev  0x0000000000000000      0x172 Drivers/STM32F1xx_HAL_Driver/Src/stm32f1xx_hal_rcc_ex.o
 .debug_aranges
                0x0000000000000000       0x30 Drivers/STM32F1xx_HAL_Driver/Src/stm32f1xx_hal_rcc_ex.o
 .debug_ranges  0x0000000000000000       0x20 Drivers/STM32F1xx_HAL_Driver/Src/stm32f1xx_hal_rcc_ex.o
 .debug_line    0x0000000000000000      0x399 Drivers/STM32F1xx_HAL_Driver/Src/stm32f1xx_hal_rcc_ex.o
 .debug_str     0x0000000000000000      0x4b6 Drivers/STM32F1xx_HAL_Driver/Src/stm32f1xx_hal_rcc_ex.o
 .comment       0x0000000000000000       0x7c Drivers/STM32F1xx_HAL_Driver/Src/stm32f1xx_hal_rcc_ex.o
 .debug_frame   0x0000000000000000       0x84 Drivers/STM32F1xx_HAL_Driver/Src/stm32f1xx_hal_rcc_ex.o
 .ARM.attributes
                0x0000000000000000       0x33 Drivers/STM32F1xx_HAL_Driver/Src/stm32f1xx_hal_rcc_ex.o
 .text          0x0000000000000000        0x0 Drivers/STM32F1xx_HAL_Driver/Src/stm32f1xx_hal_tim.o
 .data          0x0000000000000000        0x0 Drivers/STM32F1xx_HAL_Driver/Src/stm32f1xx_hal_tim.o
 .bss           0x0000000000000000        0x0 Drivers/STM32F1xx_HAL_Driver/Src/stm32f1xx_hal_tim.o
 .debug_info    0x0000000000000000      0x155 Drivers/STM32F1xx_HAL_Driver/Src/stm32f1xx_hal_tim.o
 .debug_abbrev  0x0000000000000000       0x8f Drivers/STM32F1xx_HAL_Driver/Src/stm32f1xx_hal_tim.o
 .debug_aranges
                0x0000000000000000       0x18 Drivers/STM32F1xx_HAL_Driver/Src/stm32f1xx_hal_tim.o
 .debug_line    0x0000000000000000      0x249 Drivers/STM32F1xx_HAL_Driver/Src/stm32f1xx_hal_tim.o
 .debug_str     0x0000000000000000      0x2a7 Drivers/STM32F1xx_HAL_Driver/Src/stm32f1xx_hal_tim.o
 .comment       0x0000000000000000       0x7c Drivers/STM32F1xx_HAL_Driver/Src/stm32f1xx_hal_tim.o
 .ARM.attributes
                0x0000000000000000       0x33 Drivers/STM32F1xx_HAL_Driver/Src/stm32f1xx_hal_tim.o
 .text          0x0000000000000000        0x0 Drivers/STM32F1xx_HAL_Driver/Src/stm32f1xx_hal_tim_ex.o
 .data          0x0000000000000000        0x0 Drivers/STM32F1xx_HAL_Driver/Src/stm32f1xx_hal_tim_ex.o
 .bss           0x0000000000000000        0x0 Drivers/STM32F1xx_HAL_Driver/Src/stm32f1xx_hal_tim_ex.o
 .debug_info    0x0000000000000000      0x155 Drivers/STM32F1xx_HAL_Driver/Src/stm32f1xx_hal_tim_ex.o
 .debug_abbrev  0x0000000000000000       0x8f Drivers/STM32F1xx_HAL_Driver/Src/stm32f1xx_hal_tim_ex.o
 .debug_aranges
                0x0000000000000000       0x18 Drivers/STM32F1xx_HAL_Driver/Src/stm32f1xx_hal_tim_ex.o
 .debug_line    0x0000000000000000      0x249 Drivers/STM32F1xx_HAL_Driver/Src/stm32f1xx_hal_tim_ex.o
 .debug_str     0x0000000000000000      0x2aa Drivers/STM32F1xx_HAL_Driver/Src/stm32f1xx_hal_tim_ex.o
 .comment       0x0000000000000000       0x7c Drivers/STM32F1xx_HAL_Driver/Src/stm32f1xx_hal_tim_ex.o
 .ARM.attributes
                0x0000000000000000       0x33 Drivers/STM32F1xx_HAL_Driver/Src/stm32f1xx_hal_tim_ex.o
 .text          0x0000000000000000        0x0 d:/st/stm32cubeide_1.4.0/stm32cubeide/plugins/com.st.stm32cube.ide.mcu.externaltools.gnu-tools-for-stm32.7-2018-q2-update.win32_1.4.0.202007081208/tools/bin/../lib/gcc/arm-none-eabi/7.3.1/../../../../arm-none-eabi/lib/thumb/v7-m\libc_nano.a(lib_a-errno.o)
 .data          0x0000000000000000        0x0 d:/st/stm32cubeide_1.4.0/stm32cubeide/plugins/com.st.stm32cube.ide.mcu.externaltools.gnu-tools-for-stm32.7-2018-q2-update.win32_1.4.0.202007081208/tools/bin/../lib/gcc/arm-none-eabi/7.3.1/../../../../arm-none-eabi/lib/thumb/v7-m\libc_nano.a(lib_a-errno.o)
 .bss           0x0000000000000000        0x0 d:/st/stm32cubeide_1.4.0/stm32cubeide/plugins/com.st.stm32cube.ide.mcu.externaltools.gnu-tools-for-stm32.7-2018-q2-update.win32_1.4.0.202007081208/tools/bin/../lib/gcc/arm-none-eabi/7.3.1/../../../../arm-none-eabi/lib/thumb/v7-m\libc_nano.a(lib_a-errno.o)
 .text.__errno  0x0000000000000000        0xc d:/st/stm32cubeide_1.4.0/stm32cubeide/plugins/com.st.stm32cube.ide.mcu.externaltools.gnu-tools-for-stm32.7-2018-q2-update.win32_1.4.0.202007081208/tools/bin/../lib/gcc/arm-none-eabi/7.3.1/../../../../arm-none-eabi/lib/thumb/v7-m\libc_nano.a(lib_a-errno.o)
 .debug_frame   0x0000000000000000       0x20 d:/st/stm32cubeide_1.4.0/stm32cubeide/plugins/com.st.stm32cube.ide.mcu.externaltools.gnu-tools-for-stm32.7-2018-q2-update.win32_1.4.0.202007081208/tools/bin/../lib/gcc/arm-none-eabi/7.3.1/../../../../arm-none-eabi/lib/thumb/v7-m\libc_nano.a(lib_a-errno.o)
 .ARM.attributes
                0x0000000000000000       0x2d d:/st/stm32cubeide_1.4.0/stm32cubeide/plugins/com.st.stm32cube.ide.mcu.externaltools.gnu-tools-for-stm32.7-2018-q2-update.win32_1.4.0.202007081208/tools/bin/../lib/gcc/arm-none-eabi/7.3.1/../../../../arm-none-eabi/lib/thumb/v7-m\libc_nano.a(lib_a-errno.o)
 .text          0x0000000000000000        0x0 d:/st/stm32cubeide_1.4.0/stm32cubeide/plugins/com.st.stm32cube.ide.mcu.externaltools.gnu-tools-for-stm32.7-2018-q2-update.win32_1.4.0.202007081208/tools/bin/../lib/gcc/arm-none-eabi/7.3.1/../../../../arm-none-eabi/lib/thumb/v7-m\libc_nano.a(lib_a-exit.o)
 .data          0x0000000000000000        0x0 d:/st/stm32cubeide_1.4.0/stm32cubeide/plugins/com.st.stm32cube.ide.mcu.externaltools.gnu-tools-for-stm32.7-2018-q2-update.win32_1.4.0.202007081208/tools/bin/../lib/gcc/arm-none-eabi/7.3.1/../../../../arm-none-eabi/lib/thumb/v7-m\libc_nano.a(lib_a-exit.o)
 .bss           0x0000000000000000        0x0 d:/st/stm32cubeide_1.4.0/stm32cubeide/plugins/com.st.stm32cube.ide.mcu.externaltools.gnu-tools-for-stm32.7-2018-q2-update.win32_1.4.0.202007081208/tools/bin/../lib/gcc/arm-none-eabi/7.3.1/../../../../arm-none-eabi/lib/thumb/v7-m\libc_nano.a(lib_a-exit.o)
 .text.exit     0x0000000000000000       0x28 d:/st/stm32cubeide_1.4.0/stm32cubeide/plugins/com.st.stm32cube.ide.mcu.externaltools.gnu-tools-for-stm32.7-2018-q2-update.win32_1.4.0.202007081208/tools/bin/../lib/gcc/arm-none-eabi/7.3.1/../../../../arm-none-eabi/lib/thumb/v7-m\libc_nano.a(lib_a-exit.o)
 .debug_frame   0x0000000000000000       0x28 d:/st/stm32cubeide_1.4.0/stm32cubeide/plugins/com.st.stm32cube.ide.mcu.externaltools.gnu-tools-for-stm32.7-2018-q2-update.win32_1.4.0.202007081208/tools/bin/../lib/gcc/arm-none-eabi/7.3.1/../../../../arm-none-eabi/lib/thumb/v7-m\libc_nano.a(lib_a-exit.o)
 .ARM.attributes
                0x0000000000000000       0x2d d:/st/stm32cubeide_1.4.0/stm32cubeide/plugins/com.st.stm32cube.ide.mcu.externaltools.gnu-tools-for-stm32.7-2018-q2-update.win32_1.4.0.202007081208/tools/bin/../lib/gcc/arm-none-eabi/7.3.1/../../../../arm-none-eabi/lib/thumb/v7-m\libc_nano.a(lib_a-exit.o)
 .text          0x0000000000000000        0x0 d:/st/stm32cubeide_1.4.0/stm32cubeide/plugins/com.st.stm32cube.ide.mcu.externaltools.gnu-tools-for-stm32.7-2018-q2-update.win32_1.4.0.202007081208/tools/bin/../lib/gcc/arm-none-eabi/7.3.1/../../../../arm-none-eabi/lib/thumb/v7-m\libc_nano.a(lib_a-impure.o)
 .data          0x0000000000000000        0x0 d:/st/stm32cubeide_1.4.0/stm32cubeide/plugins/com.st.stm32cube.ide.mcu.externaltools.gnu-tools-for-stm32.7-2018-q2-update.win32_1.4.0.202007081208/tools/bin/../lib/gcc/arm-none-eabi/7.3.1/../../../../arm-none-eabi/lib/thumb/v7-m\libc_nano.a(lib_a-impure.o)
 .bss           0x0000000000000000        0x0 d:/st/stm32cubeide_1.4.0/stm32cubeide/plugins/com.st.stm32cube.ide.mcu.externaltools.gnu-tools-for-stm32.7-2018-q2-update.win32_1.4.0.202007081208/tools/bin/../lib/gcc/arm-none-eabi/7.3.1/../../../../arm-none-eabi/lib/thumb/v7-m\libc_nano.a(lib_a-impure.o)
 .data._impure_ptr
                0x0000000000000000        0x4 d:/st/stm32cubeide_1.4.0/stm32cubeide/plugins/com.st.stm32cube.ide.mcu.externaltools.gnu-tools-for-stm32.7-2018-q2-update.win32_1.4.0.202007081208/tools/bin/../lib/gcc/arm-none-eabi/7.3.1/../../../../arm-none-eabi/lib/thumb/v7-m\libc_nano.a(lib_a-impure.o)
 .data.impure_data
                0x0000000000000000       0x60 d:/st/stm32cubeide_1.4.0/stm32cubeide/plugins/com.st.stm32cube.ide.mcu.externaltools.gnu-tools-for-stm32.7-2018-q2-update.win32_1.4.0.202007081208/tools/bin/../lib/gcc/arm-none-eabi/7.3.1/../../../../arm-none-eabi/lib/thumb/v7-m\libc_nano.a(lib_a-impure.o)
 .rodata._global_impure_ptr
                0x0000000000000000        0x4 d:/st/stm32cubeide_1.4.0/stm32cubeide/plugins/com.st.stm32cube.ide.mcu.externaltools.gnu-tools-for-stm32.7-2018-q2-update.win32_1.4.0.202007081208/tools/bin/../lib/gcc/arm-none-eabi/7.3.1/../../../../arm-none-eabi/lib/thumb/v7-m\libc_nano.a(lib_a-impure.o)
 .ARM.attributes
                0x0000000000000000       0x2d d:/st/stm32cubeide_1.4.0/stm32cubeide/plugins/com.st.stm32cube.ide.mcu.externaltools.gnu-tools-for-stm32.7-2018-q2-update.win32_1.4.0.202007081208/tools/bin/../lib/gcc/arm-none-eabi/7.3.1/../../../../arm-none-eabi/lib/thumb/v7-m\libc_nano.a(lib_a-impure.o)
 .text          0x0000000000000000        0x0 d:/st/stm32cubeide_1.4.0/stm32cubeide/plugins/com.st.stm32cube.ide.mcu.externaltools.gnu-tools-for-stm32.7-2018-q2-update.win32_1.4.0.202007081208/tools/bin/../lib/gcc/arm-none-eabi/7.3.1/../../../../arm-none-eabi/lib/thumb/v7-m\libc_nano.a(lib_a-init.o)
 .data          0x0000000000000000        0x0 d:/st/stm32cubeide_1.4.0/stm32cubeide/plugins/com.st.stm32cube.ide.mcu.externaltools.gnu-tools-for-stm32.7-2018-q2-update.win32_1.4.0.202007081208/tools/bin/../lib/gcc/arm-none-eabi/7.3.1/../../../../arm-none-eabi/lib/thumb/v7-m\libc_nano.a(lib_a-init.o)
 .bss           0x0000000000000000        0x0 d:/st/stm32cubeide_1.4.0/stm32cubeide/plugins/com.st.stm32cube.ide.mcu.externaltools.gnu-tools-for-stm32.7-2018-q2-update.win32_1.4.0.202007081208/tools/bin/../lib/gcc/arm-none-eabi/7.3.1/../../../../arm-none-eabi/lib/thumb/v7-m\libc_nano.a(lib_a-init.o)
 .text          0x0000000000000000        0x0 d:/st/stm32cubeide_1.4.0/stm32cubeide/plugins/com.st.stm32cube.ide.mcu.externaltools.gnu-tools-for-stm32.7-2018-q2-update.win32_1.4.0.202007081208/tools/bin/../lib/gcc/arm-none-eabi/7.3.1/../../../../arm-none-eabi/lib/thumb/v7-m\libc_nano.a(lib_a-memset.o)
 .data          0x0000000000000000        0x0 d:/st/stm32cubeide_1.4.0/stm32cubeide/plugins/com.st.stm32cube.ide.mcu.externaltools.gnu-tools-for-stm32.7-2018-q2-update.win32_1.4.0.202007081208/tools/bin/../lib/gcc/arm-none-eabi/7.3.1/../../../../arm-none-eabi/lib/thumb/v7-m\libc_nano.a(lib_a-memset.o)
 .bss           0x0000000000000000        0x0 d:/st/stm32cubeide_1.4.0/stm32cubeide/plugins/com.st.stm32cube.ide.mcu.externaltools.gnu-tools-for-stm32.7-2018-q2-update.win32_1.4.0.202007081208/tools/bin/../lib/gcc/arm-none-eabi/7.3.1/../../../../arm-none-eabi/lib/thumb/v7-m\libc_nano.a(lib_a-memset.o)
 .text.memset   0x0000000000000000       0x10 d:/st/stm32cubeide_1.4.0/stm32cubeide/plugins/com.st.stm32cube.ide.mcu.externaltools.gnu-tools-for-stm32.7-2018-q2-update.win32_1.4.0.202007081208/tools/bin/../lib/gcc/arm-none-eabi/7.3.1/../../../../arm-none-eabi/lib/thumb/v7-m\libc_nano.a(lib_a-memset.o)
 .debug_frame   0x0000000000000000       0x20 d:/st/stm32cubeide_1.4.0/stm32cubeide/plugins/com.st.stm32cube.ide.mcu.externaltools.gnu-tools-for-stm32.7-2018-q2-update.win32_1.4.0.202007081208/tools/bin/../lib/gcc/arm-none-eabi/7.3.1/../../../../arm-none-eabi/lib/thumb/v7-m\libc_nano.a(lib_a-memset.o)
 .ARM.attributes
                0x0000000000000000       0x2d d:/st/stm32cubeide_1.4.0/stm32cubeide/plugins/com.st.stm32cube.ide.mcu.externaltools.gnu-tools-for-stm32.7-2018-q2-update.win32_1.4.0.202007081208/tools/bin/../lib/gcc/arm-none-eabi/7.3.1/../../../../arm-none-eabi/lib/thumb/v7-m\libc_nano.a(lib_a-memset.o)
 .text          0x0000000000000000        0x0 d:/st/stm32cubeide_1.4.0/stm32cubeide/plugins/com.st.stm32cube.ide.mcu.externaltools.gnu-tools-for-stm32.7-2018-q2-update.win32_1.4.0.202007081208/tools/bin/../lib/gcc/arm-none-eabi/7.3.1/thumb/v7-m/crtend.o
 .data          0x0000000000000000        0x0 d:/st/stm32cubeide_1.4.0/stm32cubeide/plugins/com.st.stm32cube.ide.mcu.externaltools.gnu-tools-for-stm32.7-2018-q2-update.win32_1.4.0.202007081208/tools/bin/../lib/gcc/arm-none-eabi/7.3.1/thumb/v7-m/crtend.o
 .bss           0x0000000000000000        0x0 d:/st/stm32cubeide_1.4.0/stm32cubeide/plugins/com.st.stm32cube.ide.mcu.externaltools.gnu-tools-for-stm32.7-2018-q2-update.win32_1.4.0.202007081208/tools/bin/../lib/gcc/arm-none-eabi/7.3.1/thumb/v7-m/crtend.o
 .eh_frame      0x0000000000000000        0x4 d:/st/stm32cubeide_1.4.0/stm32cubeide/plugins/com.st.stm32cube.ide.mcu.externaltools.gnu-tools-for-stm32.7-2018-q2-update.win32_1.4.0.202007081208/tools/bin/../lib/gcc/arm-none-eabi/7.3.1/thumb/v7-m/crtend.o
 .ARM.attributes
                0x0000000000000000       0x2d d:/st/stm32cubeide_1.4.0/stm32cubeide/plugins/com.st.stm32cube.ide.mcu.externaltools.gnu-tools-for-stm32.7-2018-q2-update.win32_1.4.0.202007081208/tools/bin/../lib/gcc/arm-none-eabi/7.3.1/thumb/v7-m/crtend.o
 .text          0x0000000000000000        0x0 d:/st/stm32cubeide_1.4.0/stm32cubeide/plugins/com.st.stm32cube.ide.mcu.externaltools.gnu-tools-for-stm32.7-2018-q2-update.win32_1.4.0.202007081208/tools/bin/../lib/gcc/arm-none-eabi/7.3.1/thumb/v7-m/crtn.o
 .data          0x0000000000000000        0x0 d:/st/stm32cubeide_1.4.0/stm32cubeide/plugins/com.st.stm32cube.ide.mcu.externaltools.gnu-tools-for-stm32.7-2018-q2-update.win32_1.4.0.202007081208/tools/bin/../lib/gcc/arm-none-eabi/7.3.1/thumb/v7-m/crtn.o
 .bss           0x0000000000000000        0x0 d:/st/stm32cubeide_1.4.0/stm32cubeide/plugins/com.st.stm32cube.ide.mcu.externaltools.gnu-tools-for-stm32.7-2018-q2-update.win32_1.4.0.202007081208/tools/bin/../lib/gcc/arm-none-eabi/7.3.1/thumb/v7-m/crtn.o

Memory Configuration

Name             Origin             Length             Attributes
RAM              0x0000000020000000 0x000000000000c000 xrw
FLASH            0x0000000008000000 0x0000000000040000 xr
*default*        0x0000000000000000 0xffffffffffffffff

Linker script and memory map

LOAD d:/st/stm32cubeide_1.4.0/stm32cubeide/plugins/com.st.stm32cube.ide.mcu.externaltools.gnu-tools-for-stm32.7-2018-q2-update.win32_1.4.0.202007081208/tools/bin/../lib/gcc/arm-none-eabi/7.3.1/thumb/v7-m/crti.o
LOAD d:/st/stm32cubeide_1.4.0/stm32cubeide/plugins/com.st.stm32cube.ide.mcu.externaltools.gnu-tools-for-stm32.7-2018-q2-update.win32_1.4.0.202007081208/tools/bin/../lib/gcc/arm-none-eabi/7.3.1/thumb/v7-m/crtbegin.o
LOAD d:/st/stm32cubeide_1.4.0/stm32cubeide/plugins/com.st.stm32cube.ide.mcu.externaltools.gnu-tools-for-stm32.7-2018-q2-update.win32_1.4.0.202007081208/tools/bin/../lib/gcc/arm-none-eabi/7.3.1/../../../../arm-none-eabi/lib/thumb/v7-m/crt0.o
LOAD Core/Src/main.o
LOAD Core/Src/stm32f1xx_hal_msp.o
LOAD Core/Src/stm32f1xx_it.o
LOAD Core/Src/syscalls.o
LOAD Core/Src/sysmem.o
LOAD Core/Src/system_stm32f1xx.o
LOAD Core/Startup/startup_stm32f103rctx.o
LOAD Drivers/STM32F1xx_HAL_Driver/Src/stm32f1xx_hal.o
LOAD Drivers/STM32F1xx_HAL_Driver/Src/stm32f1xx_hal_cortex.o
LOAD Drivers/STM32F1xx_HAL_Driver/Src/stm32f1xx_hal_dma.o
LOAD Drivers/STM32F1xx_HAL_Driver/Src/stm32f1xx_hal_exti.o
LOAD Drivers/STM32F1xx_HAL_Driver/Src/stm32f1xx_hal_flash.o
LOAD Drivers/STM32F1xx_HAL_Driver/Src/stm32f1xx_hal_flash_ex.o
LOAD Drivers/STM32F1xx_HAL_Driver/Src/stm32f1xx_hal_gpio.o
LOAD Drivers/STM32F1xx_HAL_Driver/Src/stm32f1xx_hal_gpio_ex.o
LOAD Drivers/STM32F1xx_HAL_Driver/Src/stm32f1xx_hal_pwr.o
LOAD Drivers/STM32F1xx_HAL_Driver/Src/stm32f1xx_hal_rcc.o
LOAD Drivers/STM32F1xx_HAL_Driver/Src/stm32f1xx_hal_rcc_ex.o
LOAD Drivers/STM32F1xx_HAL_Driver/Src/stm32f1xx_hal_tim.o
LOAD Drivers/STM32F1xx_HAL_Driver/Src/stm32f1xx_hal_tim_ex.o
START GROUP
LOAD d:/st/stm32cubeide_1.4.0/stm32cubeide/plugins/com.st.stm32cube.ide.mcu.externaltools.gnu-tools-for-stm32.7-2018-q2-update.win32_1.4.0.202007081208/tools/bin/../lib/gcc/arm-none-eabi/7.3.1/../../../../arm-none-eabi/lib/thumb/v7-m\libc_nano.a
LOAD d:/st/stm32cubeide_1.4.0/stm32cubeide/plugins/com.st.stm32cube.ide.mcu.externaltools.gnu-tools-for-stm32.7-2018-q2-update.win32_1.4.0.202007081208/tools/bin/../lib/gcc/arm-none-eabi/7.3.1/../../../../arm-none-eabi/lib/thumb/v7-m\libm.a
END GROUP
START GROUP
LOAD d:/st/stm32cubeide_1.4.0/stm32cubeide/plugins/com.st.stm32cube.ide.mcu.externaltools.gnu-tools-for-stm32.7-2018-q2-update.win32_1.4.0.202007081208/tools/bin/../lib/gcc/arm-none-eabi/7.3.1/thumb/v7-m\libgcc.a
LOAD d:/st/stm32cubeide_1.4.0/stm32cubeide/plugins/com.st.stm32cube.ide.mcu.externaltools.gnu-tools-for-stm32.7-2018-q2-update.win32_1.4.0.202007081208/tools/bin/../lib/gcc/arm-none-eabi/7.3.1/../../../../arm-none-eabi/lib/thumb/v7-m\libc_nano.a
END GROUP
START GROUP
LOAD d:/st/stm32cubeide_1.4.0/stm32cubeide/plugins/com.st.stm32cube.ide.mcu.externaltools.gnu-tools-for-stm32.7-2018-q2-update.win32_1.4.0.202007081208/tools/bin/../lib/gcc/arm-none-eabi/7.3.1/thumb/v7-m\libgcc.a
LOAD d:/st/stm32cubeide_1.4.0/stm32cubeide/plugins/com.st.stm32cube.ide.mcu.externaltools.gnu-tools-for-stm32.7-2018-q2-update.win32_1.4.0.202007081208/tools/bin/../lib/gcc/arm-none-eabi/7.3.1/../../../../arm-none-eabi/lib/thumb/v7-m\libc_nano.a
LOAD d:/st/stm32cubeide_1.4.0/stm32cubeide/plugins/com.st.stm32cube.ide.mcu.externaltools.gnu-tools-for-stm32.7-2018-q2-update.win32_1.4.0.202007081208/tools/bin/../lib/gcc/arm-none-eabi/7.3.1/../../../../arm-none-eabi/lib/thumb/v7-m\libnosys.a
END GROUP
START GROUP
LOAD d:/st/stm32cubeide_1.4.0/stm32cubeide/plugins/com.st.stm32cube.ide.mcu.externaltools.gnu-tools-for-stm32.7-2018-q2-update.win32_1.4.0.202007081208/tools/bin/../lib/gcc/arm-none-eabi/7.3.1/thumb/v7-m\libgcc.a
LOAD d:/st/stm32cubeide_1.4.0/stm32cubeide/plugins/com.st.stm32cube.ide.mcu.externaltools.gnu-tools-for-stm32.7-2018-q2-update.win32_1.4.0.202007081208/tools/bin/../lib/gcc/arm-none-eabi/7.3.1/../../../../arm-none-eabi/lib/thumb/v7-m\libc_nano.a
LOAD d:/st/stm32cubeide_1.4.0/stm32cubeide/plugins/com.st.stm32cube.ide.mcu.externaltools.gnu-tools-for-stm32.7-2018-q2-update.win32_1.4.0.202007081208/tools/bin/../lib/gcc/arm-none-eabi/7.3.1/../../../../arm-none-eabi/lib/thumb/v7-m\libnosys.a
END GROUP
LOAD d:/st/stm32cubeide_1.4.0/stm32cubeide/plugins/com.st.stm32cube.ide.mcu.externaltools.gnu-tools-for-stm32.7-2018-q2-update.win32_1.4.0.202007081208/tools/bin/../lib/gcc/arm-none-eabi/7.3.1/thumb/v7-m/crtend.o
LOAD d:/st/stm32cubeide_1.4.0/stm32cubeide/plugins/com.st.stm32cube.ide.mcu.externaltools.gnu-tools-for-stm32.7-2018-q2-update.win32_1.4.0.202007081208/tools/bin/../lib/gcc/arm-none-eabi/7.3.1/thumb/v7-m/crtn.o
                0x000000002000c000                _estack = (ORIGIN (RAM) + LENGTH (RAM))
                0x0000000000000200                _Min_Heap_Size = 0x200
                0x0000000000000400                _Min_Stack_Size = 0x400

.isr_vector     0x0000000008000000      0x1e4
                0x0000000008000000                . = ALIGN (0x4)
 *(.isr_vector)
 .isr_vector    0x0000000008000000      0x1e4 Core/Startup/startup_stm32f103rctx.o
                0x0000000008000000                g_pfnVectors
                0x00000000080001e4                . = ALIGN (0x4)

.text           0x00000000080001e4      0x67c
                0x00000000080001e4                . = ALIGN (0x4)
 *(.text)
 .text          0x00000000080001e4       0x40 d:/st/stm32cubeide_1.4.0/stm32cubeide/plugins/com.st.stm32cube.ide.mcu.externaltools.gnu-tools-for-stm32.7-2018-q2-update.win32_1.4.0.202007081208/tools/bin/../lib/gcc/arm-none-eabi/7.3.1/thumb/v7-m/crtbegin.o
 *(.text*)
 .text.__NVIC_EnableIRQ
                0x0000000008000224       0x38 Core/Src/main.o
 .text.TM_SystemInit
                0x000000000800025c       0xa4 Core/Src/main.o
                0x000000000800025c                TM_SystemInit
 .text.TM_GPIO_Init
                0x0000000008000300       0xb4 Core/Src/main.o
                0x0000000008000300                TM_GPIO_Init
 .text.TM_EXTI_Init
                0x00000000080003b4       0x48 Core/Src/main.o
                0x00000000080003b4                TM_EXTI_Init
 .text.TM_TIM_Init
                0x00000000080003fc       0x50 Core/Src/main.o
                0x00000000080003fc                TM_TIM_Init
 .text.HC595_Write
                0x000000000800044c       0x6c Core/Src/main.o
                0x000000000800044c                HC595_Write
 .text.OutLed   0x00000000080004b8       0x28 Core/Src/main.o
                0x00000000080004b8                OutLed
 .text.TIM1_UP_IRQHandler
                0x00000000080004e0      0x154 Core/Src/main.o
                0x00000000080004e0                TIM1_UP_IRQHandler
 .text.delay    0x0000000008000634       0x1e Core/Src/main.o
                0x0000000008000634                delay
 *fill*         0x0000000008000652        0x2 
 .text.main     0x0000000008000654       0x80 Core/Src/main.o
                0x0000000008000654                main
 .text.NMI_Handler
                0x00000000080006d4        0xc Core/Src/stm32f1xx_it.o
                0x00000000080006d4                NMI_Handler
 .text.HardFault_Handler
                0x00000000080006e0        0x6 Core/Src/stm32f1xx_it.o
                0x00000000080006e0                HardFault_Handler
 .text.MemManage_Handler
                0x00000000080006e6        0x6 Core/Src/stm32f1xx_it.o
                0x00000000080006e6                MemManage_Handler
 .text.BusFault_Handler
                0x00000000080006ec        0x6 Core/Src/stm32f1xx_it.o
                0x00000000080006ec                BusFault_Handler
 .text.UsageFault_Handler
                0x00000000080006f2        0x6 Core/Src/stm32f1xx_it.o
                0x00000000080006f2                UsageFault_Handler
 .text.SVC_Handler
                0x00000000080006f8        0xc Core/Src/stm32f1xx_it.o
                0x00000000080006f8                SVC_Handler
 .text.DebugMon_Handler
                0x0000000008000704        0xc Core/Src/stm32f1xx_it.o
                0x0000000008000704                DebugMon_Handler
 .text.PendSV_Handler
                0x0000000008000710        0xc Core/Src/stm32f1xx_it.o
                0x0000000008000710                PendSV_Handler
 .text.SysTick_Handler
                0x000000000800071c        0xc Core/Src/stm32f1xx_it.o
                0x000000000800071c                SysTick_Handler
 .text.SystemInit
                0x0000000008000728       0x68 Core/Src/system_stm32f1xx.o
                0x0000000008000728                SystemInit
 .text.Reset_Handler
                0x0000000008000790       0x48 Core/Startup/startup_stm32f103rctx.o
                0x0000000008000790                Reset_Handler
 .text.Default_Handler
                0x00000000080007d8        0x2 Core/Startup/startup_stm32f103rctx.o
                0x00000000080007d8                RTC_Alarm_IRQHandler
                0x00000000080007d8                EXTI2_IRQHandler
                0x00000000080007d8                TIM8_TRG_COM_IRQHandler
                0x00000000080007d8                TIM8_CC_IRQHandler
                0x00000000080007d8                TIM1_CC_IRQHandler
                0x00000000080007d8                TIM6_IRQHandler
                0x00000000080007d8                PVD_IRQHandler
                0x00000000080007d8                SDIO_IRQHandler
                0x00000000080007d8                EXTI3_IRQHandler
                0x00000000080007d8                EXTI0_IRQHandler
                0x00000000080007d8                I2C2_EV_IRQHandler
                0x00000000080007d8                ADC1_2_IRQHandler
                0x00000000080007d8                SPI1_IRQHandler
                0x00000000080007d8                TAMPER_IRQHandler
                0x00000000080007d8                TIM8_UP_IRQHandler
                0x00000000080007d8                DMA2_Channel2_IRQHandler
                0x00000000080007d8                DMA1_Channel4_IRQHandler
                0x00000000080007d8                USART3_IRQHandler
                0x00000000080007d8                RTC_IRQHandler
                0x00000000080007d8                DMA1_Channel7_IRQHandler
                0x00000000080007d8                CAN1_RX1_IRQHandler
                0x00000000080007d8                UART5_IRQHandler
                0x00000000080007d8                ADC3_IRQHandler
                0x00000000080007d8                TIM4_IRQHandler
                0x00000000080007d8                DMA2_Channel1_IRQHandler
                0x00000000080007d8                I2C1_EV_IRQHandler
                0x00000000080007d8                DMA1_Channel6_IRQHandler
                0x00000000080007d8                UART4_IRQHandler
                0x00000000080007d8                TIM3_IRQHandler
                0x00000000080007d8                RCC_IRQHandler
                0x00000000080007d8                TIM1_TRG_COM_IRQHandler
                0x00000000080007d8                DMA1_Channel1_IRQHandler
                0x00000000080007d8                Default_Handler
                0x00000000080007d8                EXTI15_10_IRQHandler
                0x00000000080007d8                TIM7_IRQHandler
                0x00000000080007d8                TIM5_IRQHandler
                0x00000000080007d8                EXTI9_5_IRQHandler
                0x00000000080007d8                SPI2_IRQHandler
                0x00000000080007d8                DMA1_Channel5_IRQHandler
                0x00000000080007d8                EXTI4_IRQHandler
                0x00000000080007d8                USB_LP_CAN1_RX0_IRQHandler
                0x00000000080007d8                USB_HP_CAN1_TX_IRQHandler
                0x00000000080007d8                DMA1_Channel3_IRQHandler
                0x00000000080007d8                FSMC_IRQHandler
                0x00000000080007d8                WWDG_IRQHandler
                0x00000000080007d8                TIM2_IRQHandler
                0x00000000080007d8                TIM1_BRK_IRQHandler
                0x00000000080007d8                EXTI1_IRQHandler
                0x00000000080007d8                DMA2_Channel4_5_IRQHandler
                0x00000000080007d8                USART2_IRQHandler
                0x00000000080007d8                I2C2_ER_IRQHandler
                0x00000000080007d8                DMA1_Channel2_IRQHandler
                0x00000000080007d8                TIM8_BRK_IRQHandler
                0x00000000080007d8                CAN1_SCE_IRQHandler
                0x00000000080007d8                FLASH_IRQHandler
                0x00000000080007d8                USART1_IRQHandler
                0x00000000080007d8                SPI3_IRQHandler
                0x00000000080007d8                I2C1_ER_IRQHandler
                0x00000000080007d8                USBWakeUp_IRQHandler
                0x00000000080007d8                DMA2_Channel3_IRQHandler
 *fill*         0x00000000080007da        0x2 
 .text.HAL_IncTick
                0x00000000080007dc       0x24 Drivers/STM32F1xx_HAL_Driver/Src/stm32f1xx_hal.o
                0x00000000080007dc                HAL_IncTick
 .text.__libc_init_array
                0x0000000008000800       0x48 d:/st/stm32cubeide_1.4.0/stm32cubeide/plugins/com.st.stm32cube.ide.mcu.externaltools.gnu-tools-for-stm32.7-2018-q2-update.win32_1.4.0.202007081208/tools/bin/../lib/gcc/arm-none-eabi/7.3.1/../../../../arm-none-eabi/lib/thumb/v7-m\libc_nano.a(lib_a-init.o)
                0x0000000008000800                __libc_init_array
 *(.glue_7)
 .glue_7        0x0000000008000848        0x0 linker stubs
 *(.glue_7t)
 .glue_7t       0x0000000008000848        0x0 linker stubs
 *(.eh_frame)
 .eh_frame      0x0000000008000848        0x0 d:/st/stm32cubeide_1.4.0/stm32cubeide/plugins/com.st.stm32cube.ide.mcu.externaltools.gnu-tools-for-stm32.7-2018-q2-update.win32_1.4.0.202007081208/tools/bin/../lib/gcc/arm-none-eabi/7.3.1/thumb/v7-m/crtbegin.o
 *(.init)
 .init          0x0000000008000848        0x4 d:/st/stm32cubeide_1.4.0/stm32cubeide/plugins/com.st.stm32cube.ide.mcu.externaltools.gnu-tools-for-stm32.7-2018-q2-update.win32_1.4.0.202007081208/tools/bin/../lib/gcc/arm-none-eabi/7.3.1/thumb/v7-m/crti.o
                0x0000000008000848                _init
 .init          0x000000000800084c        0x8 d:/st/stm32cubeide_1.4.0/stm32cubeide/plugins/com.st.stm32cube.ide.mcu.externaltools.gnu-tools-for-stm32.7-2018-q2-update.win32_1.4.0.202007081208/tools/bin/../lib/gcc/arm-none-eabi/7.3.1/thumb/v7-m/crtn.o
 *(.fini)
 .fini          0x0000000008000854        0x4 d:/st/stm32cubeide_1.4.0/stm32cubeide/plugins/com.st.stm32cube.ide.mcu.externaltools.gnu-tools-for-stm32.7-2018-q2-update.win32_1.4.0.202007081208/tools/bin/../lib/gcc/arm-none-eabi/7.3.1/thumb/v7-m/crti.o
                0x0000000008000854                _fini
 .fini          0x0000000008000858        0x8 d:/st/stm32cubeide_1.4.0/stm32cubeide/plugins/com.st.stm32cube.ide.mcu.externaltools.gnu-tools-for-stm32.7-2018-q2-update.win32_1.4.0.202007081208/tools/bin/../lib/gcc/arm-none-eabi/7.3.1/thumb/v7-m/crtn.o
                0x0000000008000860                . = ALIGN (0x4)
                0x0000000008000860                _etext = .

.vfp11_veneer   0x0000000008000860        0x0
 .vfp11_veneer  0x0000000008000860        0x0 linker stubs

.v4_bx          0x0000000008000860        0x0
 .v4_bx         0x0000000008000860        0x0 linker stubs

.iplt           0x0000000008000860        0x0
 .iplt          0x0000000008000860        0x0 d:/st/stm32cubeide_1.4.0/stm32cubeide/plugins/com.st.stm32cube.ide.mcu.externaltools.gnu-tools-for-stm32.7-2018-q2-update.win32_1.4.0.202007081208/tools/bin/../lib/gcc/arm-none-eabi/7.3.1/thumb/v7-m/crtbegin.o

.rel.dyn        0x0000000008000860        0x0
 .rel.iplt      0x0000000008000860        0x0 d:/st/stm32cubeide_1.4.0/stm32cubeide/plugins/com.st.stm32cube.ide.mcu.externaltools.gnu-tools-for-stm32.7-2018-q2-update.win32_1.4.0.202007081208/tools/bin/../lib/gcc/arm-none-eabi/7.3.1/thumb/v7-m/crtbegin.o

.rodata         0x0000000008000860        0x0
                0x0000000008000860                . = ALIGN (0x4)
 *(.rodata)
 *(.rodata*)
                0x0000000008000860                . = ALIGN (0x4)

.ARM.extab      0x0000000008000860        0x0
                0x0000000008000860                . = ALIGN (0x4)
 *(.ARM.extab* .gnu.linkonce.armextab.*)
                0x0000000008000860                . = ALIGN (0x4)

.ARM            0x0000000008000860        0x0
                0x0000000008000860                . = ALIGN (0x4)
                0x0000000008000860                __exidx_start = .
 *(.ARM.exidx*)
                0x0000000008000860                __exidx_end = .
                0x0000000008000860                . = ALIGN (0x4)

.preinit_array  0x0000000008000860        0x0
                0x0000000008000860                . = ALIGN (0x4)
                0x0000000008000860                PROVIDE (__preinit_array_start = .)
 *(.preinit_array*)
                0x0000000008000860                PROVIDE (__preinit_array_end = .)
                0x0000000008000860                . = ALIGN (0x4)

.init_array     0x0000000008000860        0x4
                0x0000000008000860                . = ALIGN (0x4)
                0x0000000008000860                PROVIDE (__init_array_start = .)
 *(SORT_BY_NAME(.init_array.*))
 *(.init_array*)
 .init_array    0x0000000008000860        0x4 d:/st/stm32cubeide_1.4.0/stm32cubeide/plugins/com.st.stm32cube.ide.mcu.externaltools.gnu-tools-for-stm32.7-2018-q2-update.win32_1.4.0.202007081208/tools/bin/../lib/gcc/arm-none-eabi/7.3.1/thumb/v7-m/crtbegin.o
                0x0000000008000864                PROVIDE (__init_array_end = .)
                0x0000000008000864                . = ALIGN (0x4)

.fini_array     0x0000000008000864        0x4
                0x0000000008000864                . = ALIGN (0x4)
                [!provide]                        PROVIDE (__fini_array_start = .)
 *(SORT_BY_NAME(.fini_array.*))
 *(.fini_array*)
 .fini_array    0x0000000008000864        0x4 d:/st/stm32cubeide_1.4.0/stm32cubeide/plugins/com.st.stm32cube.ide.mcu.externaltools.gnu-tools-for-stm32.7-2018-q2-update.win32_1.4.0.202007081208/tools/bin/../lib/gcc/arm-none-eabi/7.3.1/thumb/v7-m/crtbegin.o
                [!provide]                        PROVIDE (__fini_array_end = .)
                0x0000000008000868                . = ALIGN (0x4)
                0x0000000008000868                _sidata = LOADADDR (.data)

.data           0x0000000020000000        0xc load address 0x0000000008000868
                0x0000000020000000                . = ALIGN (0x4)
                0x0000000020000000                _sdata = .
 *(.data)
 *(.data*)
 .data.LED      0x0000000020000000        0xb Core/Src/main.o
                0x0000000020000000                LED
 .data.uwTickFreq
                0x000000002000000b        0x1 Drivers/STM32F1xx_HAL_Driver/Src/stm32f1xx_hal.o
                0x000000002000000b                uwTickFreq
                0x000000002000000c                . = ALIGN (0x4)
                0x000000002000000c                _edata = .

.igot.plt       0x000000002000000c        0x0 load address 0x0000000008000874
 .igot.plt      0x000000002000000c        0x0 d:/st/stm32cubeide_1.4.0/stm32cubeide/plugins/com.st.stm32cube.ide.mcu.externaltools.gnu-tools-for-stm32.7-2018-q2-update.win32_1.4.0.202007081208/tools/bin/../lib/gcc/arm-none-eabi/7.3.1/thumb/v7-m/crtbegin.o
                0x000000002000000c                . = ALIGN (0x4)

.bss            0x000000002000000c       0x28 load address 0x0000000008000874
                0x000000002000000c                _sbss = .
                0x000000002000000c                __bss_start__ = _sbss
 *(.bss)
 .bss           0x000000002000000c       0x1c d:/st/stm32cubeide_1.4.0/stm32cubeide/plugins/com.st.stm32cube.ide.mcu.externaltools.gnu-tools-for-stm32.7-2018-q2-update.win32_1.4.0.202007081208/tools/bin/../lib/gcc/arm-none-eabi/7.3.1/thumb/v7-m/crtbegin.o
 *(.bss*)
 .bss.num       0x0000000020000028        0x4 Core/Src/main.o
                0x0000000020000028                num
 *(COMMON)
 COMMON         0x000000002000002c        0x1 Core/Src/main.o
                0x000000002000002c                index
 *fill*         0x000000002000002d        0x3 
 COMMON         0x0000000020000030        0x4 Drivers/STM32F1xx_HAL_Driver/Src/stm32f1xx_hal.o
                0x0000000020000030                uwTick
                0x0000000020000034                . = ALIGN (0x4)
                0x0000000020000034                _ebss = .
                0x0000000020000034                __bss_end__ = _ebss

._user_heap_stack
                0x0000000020000034      0x604 load address 0x0000000008000874
                0x0000000020000038                . = ALIGN (0x8)
 *fill*         0x0000000020000034        0x4 
                [!provide]                        PROVIDE (end = .)
                0x0000000020000038                PROVIDE (_end = .)
                0x0000000020000238                . = (. + _Min_Heap_Size)
 *fill*         0x0000000020000038      0x200 
                0x0000000020000638                . = (. + _Min_Stack_Size)
 *fill*         0x0000000020000238      0x400 
                0x0000000020000638                . = ALIGN (0x8)

/DISCARD/
 libc.a(*)
 libm.a(*)
 libgcc.a(*)

.ARM.attributes
                0x0000000000000000       0x29
 *(.ARM.attributes)
 .ARM.attributes
                0x0000000000000000       0x1d d:/st/stm32cubeide_1.4.0/stm32cubeide/plugins/com.st.stm32cube.ide.mcu.externaltools.gnu-tools-for-stm32.7-2018-q2-update.win32_1.4.0.202007081208/tools/bin/../lib/gcc/arm-none-eabi/7.3.1/thumb/v7-m/crti.o
 .ARM.attributes
                0x000000000000001d       0x2d d:/st/stm32cubeide_1.4.0/stm32cubeide/plugins/com.st.stm32cube.ide.mcu.externaltools.gnu-tools-for-stm32.7-2018-q2-update.win32_1.4.0.202007081208/tools/bin/../lib/gcc/arm-none-eabi/7.3.1/thumb/v7-m/crtbegin.o
 .ARM.attributes
                0x000000000000004a       0x33 Core/Src/main.o
 .ARM.attributes
                0x000000000000007d       0x33 Core/Src/stm32f1xx_it.o
 .ARM.attributes
                0x00000000000000b0       0x33 Core/Src/system_stm32f1xx.o
 .ARM.attributes
                0x00000000000000e3       0x21 Core/Startup/startup_stm32f103rctx.o
 .ARM.attributes
                0x0000000000000104       0x33 Drivers/STM32F1xx_HAL_Driver/Src/stm32f1xx_hal.o
 .ARM.attributes
                0x0000000000000137       0x2d d:/st/stm32cubeide_1.4.0/stm32cubeide/plugins/com.st.stm32cube.ide.mcu.externaltools.gnu-tools-for-stm32.7-2018-q2-update.win32_1.4.0.202007081208/tools/bin/../lib/gcc/arm-none-eabi/7.3.1/../../../../arm-none-eabi/lib/thumb/v7-m\libc_nano.a(lib_a-init.o)
 .ARM.attributes
                0x0000000000000164       0x1d d:/st/stm32cubeide_1.4.0/stm32cubeide/plugins/com.st.stm32cube.ide.mcu.externaltools.gnu-tools-for-stm32.7-2018-q2-update.win32_1.4.0.202007081208/tools/bin/../lib/gcc/arm-none-eabi/7.3.1/thumb/v7-m/crtn.o
OUTPUT(SRM32F103RCT6.elf elf32-littlearm)

.debug_info     0x0000000000000000     0x1650
 .debug_info    0x0000000000000000      0x8a9 Core/Src/main.o
 .debug_info    0x00000000000008a9      0x1f6 Core/Src/stm32f1xx_it.o
 .debug_info    0x0000000000000a9f      0x42f Core/Src/system_stm32f1xx.o
 .debug_info    0x0000000000000ece       0x22 Core/Startup/startup_stm32f103rctx.o
 .debug_info    0x0000000000000ef0      0x760 Drivers/STM32F1xx_HAL_Driver/Src/stm32f1xx_hal.o

.debug_abbrev   0x0000000000000000      0x5d8
 .debug_abbrev  0x0000000000000000      0x1fd Core/Src/main.o
 .debug_abbrev  0x00000000000001fd       0xc3 Core/Src/stm32f1xx_it.o
 .debug_abbrev  0x00000000000002c0      0x131 Core/Src/system_stm32f1xx.o
 .debug_abbrev  0x00000000000003f1       0x12 Core/Startup/startup_stm32f103rctx.o
 .debug_abbrev  0x0000000000000403      0x1d5 Drivers/STM32F1xx_HAL_Driver/Src/stm32f1xx_hal.o

.debug_aranges  0x0000000000000000      0x1f8
 .debug_aranges
                0x0000000000000000       0x68 Core/Src/main.o
 .debug_aranges
                0x0000000000000068       0x60 Core/Src/stm32f1xx_it.o
 .debug_aranges
                0x00000000000000c8       0x28 Core/Src/system_stm32f1xx.o
 .debug_aranges
                0x00000000000000f0       0x28 Core/Startup/startup_stm32f103rctx.o
 .debug_aranges
                0x0000000000000118       0xe0 Drivers/STM32F1xx_HAL_Driver/Src/stm32f1xx_hal.o

.debug_ranges   0x0000000000000000      0x1b0
 .debug_ranges  0x0000000000000000       0x58 Core/Src/main.o
 .debug_ranges  0x0000000000000058       0x50 Core/Src/stm32f1xx_it.o
 .debug_ranges  0x00000000000000a8       0x18 Core/Src/system_stm32f1xx.o
 .debug_ranges  0x00000000000000c0       0x20 Core/Startup/startup_stm32f103rctx.o
 .debug_ranges  0x00000000000000e0       0xd0 Drivers/STM32F1xx_HAL_Driver/Src/stm32f1xx_hal.o

.debug_line     0x0000000000000000      0xea9
 .debug_line    0x0000000000000000      0x3b0 Core/Src/main.o
 .debug_line    0x00000000000003b0      0x311 Core/Src/stm32f1xx_it.o
 .debug_line    0x00000000000006c1      0x2da Core/Src/system_stm32f1xx.o
 .debug_line    0x000000000000099b       0x84 Core/Startup/startup_stm32f103rctx.o
 .debug_line    0x0000000000000a1f      0x48a Drivers/STM32F1xx_HAL_Driver/Src/stm32f1xx_hal.o

.debug_str      0x0000000000000000      0xbef
 .debug_str     0x0000000000000000      0x7cf Core/Src/main.o
                                        0x821 (size before relaxing)
 .debug_str     0x00000000000007cf       0xab Core/Src/stm32f1xx_it.o
                                        0x31a (size before relaxing)
 .debug_str     0x000000000000087a       0xa1 Core/Src/system_stm32f1xx.o
                                        0x364 (size before relaxing)
 .debug_str     0x000000000000091b       0x36 Core/Startup/startup_stm32f103rctx.o
                                         0x74 (size before relaxing)
 .debug_str     0x0000000000000951      0x29e Drivers/STM32F1xx_HAL_Driver/Src/stm32f1xx_hal.o
                                        0x91c (size before relaxing)

.comment        0x0000000000000000       0x7b
 .comment       0x0000000000000000       0x7b Core/Src/main.o
                                         0x7c (size before relaxing)
 .comment       0x000000000000007b       0x7c Core/Src/stm32f1xx_it.o
 .comment       0x000000000000007b       0x7c Core/Src/system_stm32f1xx.o
 .comment       0x000000000000007b       0x7c Drivers/STM32F1xx_HAL_Driver/Src/stm32f1xx_hal.o

.debug_frame    0x0000000000000000      0x624
 .debug_frame   0x0000000000000000      0x160 Core/Src/main.o
 .debug_frame   0x0000000000000160      0x10c Core/Src/stm32f1xx_it.o
 .debug_frame   0x000000000000026c       0x58 Core/Src/system_stm32f1xx.o
 .debug_frame   0x00000000000002c4      0x334 Drivers/STM32F1xx_HAL_Driver/Src/stm32f1xx_hal.o
 .debug_frame   0x00000000000005f8       0x2c d:/st/stm32cubeide_1.4.0/stm32cubeide/plugins/com.st.stm32cube.ide.mcu.externaltools.gnu-tools-for-stm32.7-2018-q2-update.win32_1.4.0.202007081208/tools/bin/../lib/gcc/arm-none-eabi/7.3.1/../../../../arm-none-eabi/lib/thumb/v7-m\libc_nano.a(lib_a-init.o)
